[www.staticking.com/youtube-watch-hours-provider.html]
[backblue.gif]
[fade.gif]
[index.html]
[www.staticking.com/image/favicon.ico]
[www.staticking.com/css/my-css.css]
[platform-api.sharethis.com/js/sharethis.js]
[www.staticking.com/DLT-registration.html]
[www.staticking.com/image/dlt-web.png]
[www.staticking.com/hot-deals.html]
[www.staticking.com/image/hot-deal.gif]
[www.staticking.com/order.html]
[www.staticking.com/enquiry.html]
[www.staticking.com/reseller-program.html]
[www.staticking.com/login.html]
[www.staticking.com/contact-us.html]
[www.staticking.com/image/logo.png]
[www.staticking.com/bulk-sms.html]
[www.staticking.com/index.html]
[www.staticking.com/bulk-sms-transactional-route.html]
[www.staticking.com/open-route-sms.html]
[www.staticking.com/international-sms.html]
[www.staticking.com/sms-campaigning.html]
[www.staticking.com/election-campaign.html]
[www.staticking.com/business-leads.html]
[www.staticking.com/hlr-lookup.html]
[www.staticking.com/sms-url-tracking.html]
[www.staticking.com/smpp-server.html]
[www.staticking.com/file-sending-via-sms.html]
[www.staticking.com/sms-application.html]
[www.staticking.com/sms-application-rent.html]
[www.staticking.com/sms-application-provider.html]
[www.staticking.com/voice-sms.html]
[www.staticking.com/otp-service-providers.html]
[www.staticking.com/api-docs.html]
[www.staticking.com/website-design.html]
[www.staticking.com/dynamic-website.html]
[www.staticking.com/mailer-design.html]
[www.staticking.com/best-website-development-company-delhi.html]
[www.staticking.com/portal-erp-devlopment.html]
[www.staticking.com/customise-online-application.html]
[www.staticking.com/payment-gateway-solutions.html]
[www.staticking.com/mobile-application-development-company-delhi.html]
[www.staticking.com/ios-application-development-company-delhi.html]
[www.staticking.com/logo-design.html]
[www.staticking.com/best-seo-services-company-delhi.html]
[www.staticking.com/e-commerce-seo.html]
[www.staticking.com/local-seo.html]
[www.staticking.com/video-seo.html]
[www.staticking.com/online-reputation-management.html]
[www.staticking.com/content-marketing.html]
[www.staticking.com/seo-reseller-services.html]
[www.staticking.com/content-writing-services.html]
[www.staticking.com/google-adwords.html]
[www.staticking.com/facebook-promotion.html]
[www.staticking.com/tiktok-ads.html]
[www.staticking.com/youtube-promotion.html]
[www.staticking.com/instagram-advertising.html]
[www.staticking.com/twitter-advertising.html]
[www.staticking.com/linkedin-advertising.html]
[www.staticking.com/other-paid-advertising.html]
[www.staticking.com/influencer-marketing.html]
[www.staticking.com/celebrities-marketing.html]
[www.staticking.com/viral-marketing.html]
[www.staticking.com/social-media-optimization.html]
[www.staticking.com/social-page-management.html]
[www.staticking.com/facebook-likes-provider.html]
[www.staticking.com/facebook-video-views-provider.html]
[www.staticking.com/facebook-followers-provider.html]
[www.staticking.com/facebook-votes-provider.html]
[www.staticking.com/facebook-share-comments-provider.html]
[www.staticking.com/facebook-engagement-provider.html]
[www.staticking.com/facebook-page-ratings-provider.html]
[www.staticking.com/facebook-verification-provider.html]
[www.staticking.com/instagram-followers-provider.html]
[www.staticking.com/instagram-likes-share-provider.html]
[www.staticking.com/instagram-views-comments-provider.html]
[www.staticking.com/instagram-verification-provider.html]
[www.staticking.com/twitter-followers-provider.html]
[www.staticking.com/twitter-likes-retweetsn-provider.html]
[www.staticking.com/twitter-comments-provider.html]
[www.staticking.com/youtube-views-provider.html]
[www.staticking.com/youtube-subscriber-provider.html]
[www.staticking.com/youtube-likes-provider.html]
[www.staticking.com/youtube-comments-provider.html]
[www.staticking.com/youtube-trending-provider.html]
[www.staticking.com/youtube-monetization-provider.html]
[www.staticking.com/youtube-verification-provider.html]
[www.staticking.com/tiktok-provider.html]
[www.staticking.com/linkedin-provider.html]
[www.staticking.com/website-traffic-provider.html]
[www.staticking.com/app-installation-provider.html]
[www.staticking.com/spotify-provider.html]
[www.staticking.com/telegram-provider.html]
[www.staticking.com/reviews-and-rating-provider.html]
[www.staticking.com/vps-cloud-server.html]
[www.staticking.com/dedicated-servers.html]
[www.staticking.com/server-addons.html]
[www.staticking.com/linux-hosting.html]
[www.staticking.com/window-hosting.html]
[www.staticking.com/e-commerce-hosting.html]
[www.staticking.com/linux-reseller-hosting.html]
[www.staticking.com/window-reseller-hosting.html]
[www.staticking.com/business-email-hosting.html]
[www.staticking.com/image/cloudh.png]
[www.staticking.com/ivr-service-provider.html]
[www.staticking.com/misscall-alert-provider.html]
[www.staticking.com/tollfree-number-provider.html]
[www.staticking.com/voice-over-artist-delhi.html]
[www.staticking.com/bulk-email.html]
[www.staticking.com/transactional-email.html]
[www.staticking.com/email-campaiging.html]
[www.staticking.com/dedicated-smtp-server.html]
[www.staticking.com/email-application.html]
[www.staticking.com/email-configuration.html]
[www.staticking.com/biometric-attendance-system-in-patna.html]
[www.staticking.com/image/slider/youtube-promotion-banner.jpg]
[www.staticking.com/image/social-icon/YouTube-Views.png]
[www.staticking.com/image/social-icon/YouTube-Subscriber.png]
[www.staticking.com/image/social-icon/facebook-like-icon.png]
[www.staticking.com/image/social-icon/twitter-Comments.png]
[www.staticking.com/image/social-icon/YouTube-Watch-Hours.png]
[www.staticking.com/image/social-icon/YouTube-Trending.png]
[www.staticking.com/image/social-icon/YouTube-Monetization.png]
[www.staticking.com/image/social-icon/Facebook-Verification.png]
[www.staticking.com/image/world.png]
[www.staticking.com/image/social-icon/youtuube.png]
[www.staticking.com/order6af2.html]
[www.staticking.com/ordere755.html]
[www.staticking.com/order217e.html]
[www.staticking.com/orderbec2.html]
[www.staticking.com/order2844.html]
[www.staticking.com/ordercbd3.html]
[www.staticking.com/order1205.html]
[www.staticking.com/orderb158.html]
[www.staticking.com/order358a.html]
[www.staticking.com/orderb703.html]
[www.staticking.com/image/or-line.png]
[www.staticking.com/about-us.html]
[www.staticking.com/our-clients.html]
[www.staticking.com/bulk-sms-mumbai.html]
[www.staticking.com/bulk-sms-patna.html]
[www.staticking.com/bulk-sms-pune.html]
[www.staticking.com/bulk-sms-kolkata.html]
[www.staticking.com/blog/index.html]
[www.staticking.com/bulk-sms-lucknow.html]
[www.staticking.com/bulk-sms-punjab.html]
[www.staticking.com/bulk-sms-jaipur.html]
[www.staticking.com/bulk-sms-bangalore.html]
[www.staticking.com/bulk-sms-hyderabad.html]
[www.staticking.com/bulk-sms-gujarat.html]
[www.staticking.com/bulk-sms-odisha.html]
[www.staticking.com/bulk-sms-indore.html]
[www.staticking.com/bulk-sms-ranchi.html]
[www.staticking.com/bulk-sms-chennai.html]
[www.staticking.com/bulk-sms-guwahati.html]
[www.staticking.com/bulk-sms-usa.html]
[www.staticking.com/bulk-sms-dubai.html]
[www.staticking.com/bulk-sms-canada.html]
[www.staticking.com/bulk-sms-singapore.html]
[www.staticking.com/bulk-sms-australia.html]
[www.staticking.com/bulk-sms-nepal.html]
[www.staticking.com/bulk-sms-saudi-arabia.html]
[www.staticking.com/bulk-sms-london.html]
[www.staticking.com/image/paypall.jpg]
[www.staticking.com/image/our-brand.jpg]
[www.staticking.com/image/brands/king-digital.png]
[www.staticking.com/image/brands/digital-by.png]
[www.staticking.com/image/brands/king-cloud.png]
[www.staticking.com/image/brands/w3-design.png]
[www.staticking.com/image/brands/ivr-king.png]
[www.staticking.com/image/brands/king-classes.png]
[www.staticking.com/terms-services.html]
[www.staticking.com/refund-policy.html]
[www.staticking.com/anti-spam-policy.html]
[www.staticking.com/sla.html]
[www.staticking.com/sitemap.html]
[www.staticking.com/css/bootstrap.css]
[www.staticking.com/css/custom.css]
[www.staticking.com/css/responsive.css]
[www.staticking.com/css/new-staticking.css]
[www.staticking.com/js/custom.js]
[www.staticking.com/js/responsive-tabs.js]
[www.staticking.com/js/fontawesome.js]
[www.staticking.com/js/jquery-3.1.1.min.js]
[www.staticking.com/js/vendors/jquery.sticky.js]
[www.staticking.com/js/bootstrap.min.js]
[www.staticking.com/js/main.js]
[www.staticking.com/thanks.html]
[www.staticking.com/enquiry/ajax.js]
[www.staticking.com/js/chat.js]
[www.staticking.com/youtube-watch-hours-provider.html]
[www.staticking.com/youtube-watch-hours-provider-2.html]
[www.staticking.com/image/3.png]
[www.staticking.com/image/arrow-select.png]
[www.staticking.com/image/menu-me.png]
[www.staticking.com/image/quick-enquiry-back.jpg]
[www.staticking.com/biometric/biometric-attendance-system-slider.jpg]
[www.staticking.com/biometric/why-icon.png]
[www.staticking.com/image/arrow-select2.png]
[www.staticking.com/image/web-panel-background.jpg]
[www.staticking.com/image/look-image.jpg]
[www.staticking.com/css/my-css.css]
[www.staticking.com/image/email-panel.jpg]
[s2.tracemyip.org/tracker/1108/4684NR-IPIB/84215/4/njsUrl/im/image001.png]
[www.staticking.com/image/airtel-icon.png]
[www.staticking.com/image/vodaphone.png]
[www.staticking.com/image/bsnl.png]
[www.staticking.com/image/mtnl.png]
[www.staticking.com/image/JIO.png]
[www.staticking.com/image/tata.png]
[www.staticking.com/DLT-registration.html]
[www.staticking.com/image/VIDEOCON.png]
[www.staticking.com/image/contact-banner.jpg]
[www.staticking.com/image/missedcall2.png]
[www.staticking.com/image/1.png]
[www.staticking.com/image/w3design-logo.jpg]
[www.staticking.com/image/ivr-logo.jpg]
[www.staticking.com/image/seosmo-king-logo.jpg]
[www.staticking.com/image/king-cloud-logo.jpg]
[www.staticking.com/hot-deals.html]
[www.staticking.com/image/enquiry-slider-stking.jpg]
[code.jquery.com/jquery-3.4.1.min.js]
[www.staticking.com/order.html]
[www.staticking.com/js/jquery.validate.js]
[www.staticking.com/image/watsapp.png]
[www.staticking.com/image/staticking.png]
[www.staticking.com/enquiry.html]
[client.crisp.chat/l.js]
[www.staticking.com/image/business-leads-banner.jpg]
[www.staticking.com/image/reseller-icon.png]
[www.staticking.com/image/blogo.png]
[www.staticking.com/image/mapp.png]
[www.staticking.com/image/acvc.png]
[www.staticking.com/image/custom.png]
[www.staticking.com/image/bestprice.png]
[www.staticking.com/image/onrequest.png]
[www.staticking.com/image/url-tracking-icon.png]
[www.staticking.com/image/multilevel.png]
[www.staticking.com/image/report-analytics-icon.png]
[www.staticking.com/image/uptime.png]
[www.staticking.com/image/ssl.png]
[www.staticking.com/image/instant.png]
[www.staticking.com/image/150.png]
[www.staticking.com/image/responsive-ui-icon.png]
[www.staticking.com/image/developer-api-icon.png]
[www.staticking.com/image/googleplay-button.png]
[www.staticking.com/image/app-stor-button.png]
[www.staticking.com/image/window-store-button.png]
[www.staticking.com/image/mobile-icon.png]
[www.staticking.com/image/icon-sms.png]
[www.staticking.com/image/icon-voice.png]
[www.staticking.com/image/icon-isms.png]
[www.staticking.com/image/icon-otp.png]
[www.staticking.com/image/icon-ad.png]
[www.staticking.com/image/icon-id.png]
[www.staticking.com/image/icon-fbl.png]
[www.staticking.com/image/icon-yt.png]
[www.staticking.com/image/icon-tw.png]
[www.staticking.com/image/icon-missed.png]
[www.staticking.com/image/icon-scode.png]
[www.staticking.com/reseller-program.html]
[www.staticking.com/image/icon-urlt.png]
[www.staticking.com/image/login-back.jpg]
[www.staticking.com/login.html]
[www.staticking.com/image/india-gate.png]
[www.staticking.com/image/bodh-gaya.jpg]
[www.staticking.com/image/phone.png]
[www.staticking.com/image/Missed-Call-Alerts.png]
[www.staticking.com/image/bulk-sms-icon.png]
[www.staticking.com/image/ticket.png]
[www.staticking.com/image/mobile.png]
[www.staticking.com/contact-us.html]
[use.fontawesome.com/87ec2a9e3f.css]
[www.staticking.com/image/kingclasses.gif]
[www.staticking.com/image/sms-icon.png]
[www.staticking.com/image/voice-icon.png]
[www.staticking.com/image/social-media-icon.png]
[www.staticking.com/image/website-icon.png]
[www.staticking.com/image/ivr-icon.png]
[www.staticking.com/image/cloud-icon.png]
[www.staticking.com/image/cloud-server-icon.png]
[www.staticking.com/image/apps-icon.png]
[www.google-analytics.com/analytics.js]
[www.staticking.com/js/flickerplate.js]
[www.staticking.com/image/sms-testo.jpg]
[www.staticking.com/image/technology-plu.jpg]
[www.staticking.com/image/psd.png]
[www.staticking.com/image/html.png]
[www.staticking.com/image/jquery.png]
[www.staticking.com/image/ajax.png]
[www.staticking.com/image/mysql.png]
[www.staticking.com/image/php.png]
[www.staticking.com/image/httpapi.png]
[www.staticking.com/image/xml.png]
[www.staticking.com/image/whmcs.png]
[www.staticking.com/image/opencart.png]
[www.staticking.com/image/magento.png]
[www.staticking.com/image/mg.png]
[www.staticking.com/client/sbi-logo.png]
[www.staticking.com/client/d.png]
[www.staticking.com/client/f.png]
[www.staticking.com/client/n.png]
[www.staticking.com/client/g.png]
[www.staticking.com/client/u.png]
[www.kingdigital.in/admin/uploads/19062017060454prabhatamgroup.png]
[www.staticking.com/client/r.png]
[www.staticking.com/client/h.png]
[www.staticking.com/client/j.png]
[www.staticking.com/client/s.png]
[www.staticking.com/client/b.png]
[www.staticking.com/client/c.png]
[www.staticking.com/client/i.png]
[www.staticking.com/client/lbc.png]
[www.staticking.com/client/a.png]
[www.staticking.com/client/q.png]
[www.staticking.com/client/w.png]
[www.staticking.com/client/v.png]
[www.staticking.com/client/p.png]
[www.staticking.com/client/l.png]
[www.staticking.com/client/franchise-india-logo.png]
[www.staticking.com/client/sunglass-hut-logo.png]
[www.staticking.com/client/x.png]
[www.staticking.com/client/y.png]
[cdnjs.cloudflare.com/ajax/libs/owl-carousel/1.3.3/owl.carousel.min.css]
[cdnjs.cloudflare.com/ajax/libs/owl-carousel/1.3.3/owl.theme.min.css]
[code.jquery.com/jquery-1.12.0.min.js]
[cdnjs.cloudflare.com/ajax/libs/owl-carousel/1.3.3/owl.carousel.min.js]
[www.staticking.com/image/State-Bank-client.png]
[www.staticking.com/image/NSIC-LTD-client.png]
[www.staticking.com/image/Lakshmibai-College-client.png]
[www.staticking.com/image/National-institute-client.png]
[www.staticking.com/js/toltips.js]
[www.staticking.com/src/naoTooltips.js]
[www.staticking.com/index.html]
[www.staticking.com/image/bulk-sms-banner.jpg]
[www.staticking.com/image/test-message-icon.png]
[www.staticking.com/image/bulk-sms-campaigning.png]
[www.staticking.com/image/lead-sms-icon.png]
[www.staticking.com/image/generate-traffic-icon.png]
[www.staticking.com/image/rapport-builing-icon.png]
[www.staticking.com/bulk-sms.html]
[www.staticking.com/image/slider/emailc.jpg]
[www.staticking.com/bulk-sms-transactional-route.html]
[www.staticking.com/image/slider/open-route.jpg]
[www.staticking.com/open-route-sms.html]
[maxcdn.bootstrapcdn.com/bootstrap/3.3.6/css/bootstrap.min.css]
[www.staticking.com/image/slider/international-sms.jpg]
[www.staticking.com/js/jquery-2.1.1.js]
[www.staticking.com/international-sms.html]
[www.staticking.com/sms-campaigning.html]
[www.staticking.com/order7893.html]
[www.staticking.com/image/slider/election.jpg]
[www.staticking.com/image/image1.jpg]
[www.staticking.com/image/image2.jpg]
[maxcdn.bootstrapcdn.com/bootstrap/3.3.6/js/bootstrap.min.js]
[www.staticking.com/image/image3.jpg]
[www.staticking.com/css/api.css]
[www.staticking.com/election-campaign.html]
[www.staticking.com/image/lead.png]
[www.staticking.com/business-leads.html]
[www.staticking.com/image/slider/hlr.jpg]
[www.staticking.com/hlr-lookup.html]
[www.staticking.com/sms-url-tracking.html]
[www.staticking.com/image/window-reseller-hosting-banner.jpg]
[www.staticking.com/smpp-server.html]
[www.staticking.com/image/slider/filesend.jpg]
[www.staticking.com/file-sending-via-sms.html]
[www.staticking.com/sms-application.html]
[www.staticking.com/sms-application-rent.html]
[www.staticking.com/sms-application-provider.html]
[www.staticking.com/image/Caller.png]
[www.staticking.com/image/voiceupload.png]
[www.staticking.com/image/hi-scal.png]
[www.staticking.com/image/nolong.png]
[www.staticking.com/image/cloud-in.png]
[www.staticking.com/voice-sms.html]
[www.staticking.com/image/support.png]
[www.staticking.com/image/slider/otp.jpg]
[www.staticking.com/image/otp-services.png]
[www.staticking.com/otp-service-providers.html]
[www.staticking.com/image/slider/api.jpg]
[www.staticking.com/image/bulksms.png]
[www.staticking.com/image/opencart-api.png]
[www.staticking.com/image/whmcs-api.png]
[www.staticking.com/image/misscall-api.png]
[www.staticking.com/image/shortcode-api.png]
[www.staticking.com/image/excel.png]
[www.staticking.com/image/magento-api.png]
[www.staticking.com/image/bulkemail.png]
[www.staticking.com/image/mcall.png]
[www.staticking.com/image/st-icon.png]
[www.staticking.com/api-docs.html]
[www.staticking.com/image/slider/email.jpg]
[www.staticking.com/image/web.png]
[www.staticking.com/image/seo.png]
[www.staticking.com/image/ccode.png]
[www.staticking.com/image/dh.png]
[www.staticking.com/image/expertize.jpg]
[www.staticking.com/image/rupai-passa.png]
[www.staticking.com/image/traveoport.png]
[www.staticking.com/image/rk-film.png]
[www.staticking.com/js/slider.js]
[www.staticking.com/js/naoTooltips.js]
[www.staticking.com/website-design.html]
[www.staticking.com/dynamic-website.html]
[www.staticking.com/image/slider/emailer.jpg]
[www.staticking.com/image/m.jpg]
[www.staticking.com/image/m1.jpg]
[www.staticking.com/image/m2.jpg]
[www.staticking.com/image/m3.jpg]
[www.staticking.com/image/m4.jpg]
[www.staticking.com/image/m5.jpg]
[www.staticking.com/image/m6.jpg]
[www.staticking.com/image/m7.jpg]
[www.staticking.com/mailer-design.html]
[www.staticking.com/best-website-development-company-delhi.html]
[www.staticking.com/image/slider/ppc.jpg]
[www.staticking.com/portal-erp-devlopment.html]
[www.staticking.com/image/slider/custom-app.jpg]
[www.staticking.com/customise-online-application.html]
[www.staticking.com/image/slider/payment.jpg]
[www.staticking.com/payment-gateway-solutions.html]
[www.staticking.com/css/androd.css]
[www.staticking.com/image/android-background.jpg]
[www.staticking.com/image/phone-3.png]
[www.staticking.com/image/Android-Apps-icon.png]
[www.staticking.com/image/mobile-app.png]
[www.staticking.com/image/android-mobile-app-company.png]
[www.staticking.com/image/accordion-2.png]
[www.staticking.com/image/how-it-works-device.png]
[www.staticking.com/image/phone_header.png]
[www.staticking.com/image/header-left.png]
[www.staticking.com/image/testo-arrow.jpg]
[www.staticking.com/image/client2.png]
[www.staticking.com/image/testo-arrow2.jpg]
[www.staticking.com/mobile-application-development-company-delhi.html]
[www.staticking.com/image/ios-images.png]
[www.staticking.com/image/ios-png.png]
[www.staticking.com/ios-application-development-company-delhi.html]
[www.staticking.com/image/features-mobile.png]
[www.staticking.com/image/s1.jpg]
[www.staticking.com/image/s2.jpg]
[www.staticking.com/image/s3.jpg]
[www.staticking.com/image/s4.jpg]
[www.staticking.com/image/s5.jpg]
[www.staticking.com/image/s7.jpg]
[www.staticking.com/image/s6.jpg]
[www.staticking.com/image/s8.jpg]
[www.staticking.com/logo-design.html]
[www.staticking.com/image/slider/seo.jpg]
[www.staticking.com/image/ppc-i.png]
[www.staticking.com/image/offpage.png]
[www.staticking.com/image/hi-auth.png]
[www.staticking.com/image/press.png]
[www.staticking.com/image/competitor.png]
[www.staticking.com/image/keyword.png]
[www.staticking.com/image/localseo.png]
[www.staticking.com/image/localsearch.png]
[www.staticking.com/images/seo-port1.jpg]
[www.staticking.com/images/ashokatracers.jpg]
[www.staticking.com/images/marinespot.jpg]
[www.staticking.com/images/Zuzus.jpg]
[www.staticking.com/images/acevent.jpg]
[www.staticking.com/images/spaceanddesigns.jpg]
[www.staticking.com/src/ziehharmonika.css]
[www.staticking.com/best-seo-services-company-delhi.html]
[www.staticking.com/src/ziehharmonika.js]
[www.staticking.com/image/slider/e-commerce-banner.jpg]
[www.staticking.com/image/social-icon/e-commerce-seo-icon.png]
[www.staticking.com/e-commerce-seo.html]
[www.staticking.com/image/slider/local-seo.jpg]
[www.staticking.com/image/social-icon/local-seo-icon.png]
[www.staticking.com/local-seo.html]
[www.staticking.com/image/slider/video-banner.jpg]
[www.staticking.com/image/social-icon/video-icon.png]
[www.staticking.com/video-seo.html]
[www.staticking.com/image/slider/online-reporting-bnner.jpg]
[www.staticking.com/image/social-icon/online-icon.png]
[www.staticking.com/online-reputation-management.html]
[www.staticking.com/image/slider/content-writing-banner.jpg]
[www.staticking.com/image/social-icon/content-writing-icon.png]
[www.staticking.com/content-marketing.html]
[www.staticking.com/image/slider/seo-reseller-banner.jpg]
[www.staticking.com/image/social-icon/seo-reseller-services-icon.png]
[www.staticking.com/seo-reseller-services.html]
[www.staticking.com/content-writing-services.html]
[www.staticking.com/google-adwords.html]
[www.staticking.com/image/slider/fb.jpg]
[www.staticking.com/image/fb-i.png]
[www.staticking.com/image/ppc-fb.png]
[www.staticking.com/image/fblikes.png]
[www.staticking.com/image/followers.png]
[www.staticking.com/image/views.png]
[www.staticking.com/image/vote.png]
[www.staticking.com/image/share.png]
[www.staticking.com/image/social-icon/Facebook-Video-icon.png]
[www.staticking.com/image/social-icon/Facebook-Followers.png]
[www.staticking.com/image/social-icon/Votes.png]
[www.staticking.com/image/social-icon/Facebook-Share.png]
[www.staticking.com/image/social-icon/Facebook-Engagement.png]
[www.staticking.com/image/social-icon/Facebook-Page-Ratings.png]
[www.staticking.com/facebook-promotion.html]
[www.staticking.com/image/slider/TikTok-banner.jpg]
[www.staticking.com/image/social-icon/TikTok-icon.png]
[www.staticking.com/image/social-icon/TikTok.png]
[www.staticking.com/image/social-icon/Linkedin.png]
[www.staticking.com/image/social-icon/Website-Traffic.png]
[www.staticking.com/image/social-icon/App-Installation.png]
[www.staticking.com/image/social-icon/Spotify.png]
[www.staticking.com/image/social-icon/Telegram.png]
[www.staticking.com/image/social-icon/Reviews-Rating.png]
[www.staticking.com/tiktok-ads.html]
[www.staticking.com/image/social-icon/youtube-promotion-icon.png]
[www.staticking.com/image/subs.png]
[www.staticking.com/youtube-promotion.html]
[www.staticking.com/image/slider/instagram-advertising-banner.jpg]
[www.staticking.com/image/social-icon/instagram-advertising-icon.png]
[www.staticking.com/image/social-icon/Instagram-Followers.png]
[www.staticking.com/image/social-icon/Instagram-Likes-Share.png]
[www.staticking.com/image/social-icon/Instagram-Views.png]
[www.staticking.com/instagram-advertising.html]
[www.staticking.com/image/slider/twitter-banner.jpg]
[www.staticking.com/image/social-icon/twitter-icon.png]
[www.staticking.com/image/social-icon/Twitter-Followers.png]
[www.staticking.com/image/social-icon/twitter-Likes-Retweets.png]
[www.staticking.com/twitter-advertising.html]
[www.staticking.com/image/slider/linkdin-banner.jpg]
[www.staticking.com/image/social-icon/linkdin-icon.png]
[www.staticking.com/linkedin-advertising.html]
[www.staticking.com/image/slider/video-seo-banner.jpg]
[www.staticking.com/image/social-icon/Paid-Advertising.png]
[www.staticking.com/other-paid-advertising.html]
[www.staticking.com/image/slider/influencer-marketing-banner.jpg]
[www.staticking.com/image/social-icon/influencer-marketing-icon.png]
[www.staticking.com/influencer-marketing.html]
[www.staticking.com/image/slider/celebrities-marketing-banner.jpg]
[www.staticking.com/image/social-icon/celebrities-marketing-icon.png]
[www.staticking.com/celebrities-marketing.html]
[www.staticking.com/image/slider/viral-marketing-banner.jpg]
[www.staticking.com/image/social-icon/viral-marketing-icon.png]
[www.staticking.com/viral-marketing.html]
[www.staticking.com/image/slider/social-media-banner.jpg]
[www.staticking.com/image/social-icon/social-media-optimization-icon.png]
[www.staticking.com/social-media-optimization.html]
[www.staticking.com/image/slider/social-page-management-banner.jpg]
[www.staticking.com/image/social-icon/social-page-management-icon.png]
[www.staticking.com/social-page-management.html]
[www.staticking.com/image/india.png]
[www.staticking.com/image/social-icon/facebook-icon.png]
[www.staticking.com/order4940.html]
[www.staticking.com/orderd733.html]
[www.staticking.com/orderba0e.html]
[www.staticking.com/order9cbd.html]
[www.staticking.com/order7974.html]
[www.staticking.com/orderedb4.html]
[www.staticking.com/order7c81.html]
[www.staticking.com/order8169.html]
[www.staticking.com/image/usa.png]
[www.staticking.com/order1d1c.html]
[www.staticking.com/orderd25a.html]
[www.staticking.com/ordercd7d.html]
[www.staticking.com/orderc38e.html]
[www.staticking.com/image/uk.png]
[www.staticking.com/order6f53.html]
[www.staticking.com/orderde44.html]
[www.staticking.com/order9515.html]
[www.staticking.com/order4bbe.html]
[www.staticking.com/image/other.png]
[www.staticking.com/order87e1.html]
[www.staticking.com/order00d1.html]
[www.staticking.com/order518f.html]
[www.staticking.com/facebook-likes-provider.html]
[www.staticking.com/order7ce1.html]
[www.staticking.com/order590d.html]
[www.staticking.com/order5655.html]
[www.staticking.com/order2e2f.html]
[www.staticking.com/order76bc.html]
[www.staticking.com/order627e.html]
[www.staticking.com/facebook-video-views-provider.html]
[www.staticking.com/orderd2fb.html]
[www.staticking.com/orderb56c.html]
[www.staticking.com/order7e4d.html]
[www.staticking.com/order6224.html]
[www.staticking.com/order9611.html]
[www.staticking.com/order63d4.html]
[www.staticking.com/order9140.html]
[www.staticking.com/order9118.html]
[www.staticking.com/facebook-followers-provider.html]
[www.staticking.com/orderbcbb.html]
[www.staticking.com/ordere205.html]
[www.staticking.com/order1c20.html]
[www.staticking.com/orderb148.html]
[www.staticking.com/facebook-votes-provider.html]
[www.staticking.com/order3342.html]
[www.staticking.com/order6a42.html]
[www.staticking.com/order7ee6.html]
[www.staticking.com/ordera595.html]
[www.staticking.com/order99a2.html]
[www.staticking.com/orderbc1a.html]
[www.staticking.com/order42af.html]
[www.staticking.com/order2657.html]
[www.staticking.com/order5801.html]
[www.staticking.com/order18b0.html]
[www.staticking.com/facebook-share-comments-provider.html]
[www.staticking.com/order452b.html]
[www.staticking.com/orderaa62.html]
[www.staticking.com/order96df.html]
[www.staticking.com/order2f4f.html]
[www.staticking.com/facebook-engagement-provider.html]
[www.staticking.com/order59cb.html]
[www.staticking.com/order09bd.html]
[www.staticking.com/order7d5d.html]
[www.staticking.com/order9e86.html]
[www.staticking.com/facebook-page-ratings-provider.html]
[www.staticking.com/order77e3.html]
[www.staticking.com/order3fdb.html]
[www.staticking.com/order37fc.html]
[www.staticking.com/order2583.html]
[www.staticking.com/facebook-verification-provider.html]
[www.staticking.com/order8583.html]
[www.staticking.com/image/slider/missedcall.jpg]
[www.staticking.com/image/social-icon/Instagram.png]
[www.staticking.com/order8a02.html]
[www.staticking.com/orderedb1.html]
[www.staticking.com/order8910.html]
[www.staticking.com/order9e60.html]
[www.staticking.com/orderab61.html]
[www.staticking.com/ordere63b.html]
[www.staticking.com/order6d32.html]
[www.staticking.com/orderfe61.html]
[www.staticking.com/orderaed6.html]
[www.staticking.com/ordera99e.html]
[www.staticking.com/orderb51a.html]
[www.staticking.com/order574e.html]
[www.staticking.com/orderd60f.html]
[www.staticking.com/ordere868.html]
[www.staticking.com/order0238.html]
[www.staticking.com/orderfe88.html]
[www.staticking.com/ordere171.html]
[www.staticking.com/order4a8a.html]
[www.staticking.com/order3e11.html]
[www.staticking.com/orderd784.html]
[www.staticking.com/order1b9a.html]
[www.staticking.com/orderfb85.html]
[www.staticking.com/instagram-followers-provider.html]
[www.staticking.com/order4b48.html]
[www.staticking.com/orderc245.html]
[www.staticking.com/ordera38a.html]
[www.staticking.com/orderbf6c.html]
[www.staticking.com/order4402.html]
[www.staticking.com/order46dc.html]
[www.staticking.com/orderbf1d.html]
[www.staticking.com/order1c24.html]
[www.staticking.com/instagram-likes-share-provider.html]
[www.staticking.com/order0d3f.html]
[www.staticking.com/orderfd04.html]
[www.staticking.com/orderb09b.html]
[www.staticking.com/order5e70.html]
[www.staticking.com/order1786.html]
[www.staticking.com/orderc7e1.html]
[www.staticking.com/order0d5c.html]
[www.staticking.com/order8441.html]
[www.staticking.com/order5254.html]
[www.staticking.com/orderc318.html]
[www.staticking.com/orderd40f.html]
[www.staticking.com/ordera16f.html]
[www.staticking.com/order573a.html]
[www.staticking.com/order3a8a.html]
[www.staticking.com/instagram-views-comments-provider.html]
[www.staticking.com/order5abb.html]
[www.staticking.com/ordera4e0.html]
[www.staticking.com/order9a36.html]
[www.staticking.com/order9068.html]
[www.staticking.com/instagram-verification-provider.html]
[www.staticking.com/order468a.html]
[www.staticking.com/image/social-icon/twitter.png]
[www.staticking.com/order6534.html]
[www.staticking.com/orderade2.html]
[www.staticking.com/order0564.html]
[www.staticking.com/order9a4f.html]
[www.staticking.com/orderee60.html]
[www.staticking.com/ordere731.html]
[www.staticking.com/twitter-followers-provider.html]
[www.staticking.com/order4af3.html]
[www.staticking.com/order7527.html]
[www.staticking.com/order8d2b.html]
[www.staticking.com/order4c59.html]
[www.staticking.com/order4253.html]
[www.staticking.com/orderb6dd.html]
[www.staticking.com/twitter-likes-retweetsn-provider.html]
[www.staticking.com/order0250.html]
[www.staticking.com/order5fb1.html]
[www.staticking.com/order32b9.html]
[www.staticking.com/order681d.html]
[www.staticking.com/order24e3.html]
[www.staticking.com/order903b.html]
[www.staticking.com/order22e7.html]
[www.staticking.com/twitter-comments-provider.html]
[www.staticking.com/order7649.html]
[www.staticking.com/order8f58.html]
[www.staticking.com/order225d.html]
[www.staticking.com/order6552.html]
[www.staticking.com/order0dd2.html]
[www.staticking.com/order6171.html]
[www.staticking.com/ordere15b.html]
[www.staticking.com/orderff10.html]
[www.staticking.com/ordercd52.html]
[www.staticking.com/orderce2a.html]
[www.staticking.com/orderc060.html]
[www.staticking.com/ordereb2b.html]
[www.staticking.com/orderb4c2.html]
[www.staticking.com/order18c0.html]
[www.staticking.com/orderc9ac.html]
[www.staticking.com/orderd59d.html]
[www.staticking.com/order49b6.html]
[www.staticking.com/order6932.html]
[www.staticking.com/ordercc02.html]
[www.staticking.com/orderca92.html]
[www.staticking.com/order337a.html]
[www.staticking.com/orderf895.html]
[www.staticking.com/order291d.html]
[www.staticking.com/ordereb33.html]
[www.staticking.com/order96ef.html]
[www.staticking.com/orderd3bd.html]
[www.staticking.com/orderdc5c.html]
[www.staticking.com/order82ad.html]
[www.staticking.com/order5f49.html]
[www.staticking.com/order2fb5.html]
[www.staticking.com/order0ef9.html]
[www.staticking.com/orderfb57.html]
[www.staticking.com/youtube-views-provider.html]
[www.staticking.com/order74f0.html]
[www.staticking.com/ordercffa.html]
[www.staticking.com/order3dda.html]
[www.staticking.com/orderce36.html]
[www.staticking.com/order6210.html]
[www.staticking.com/order9dbc.html]
[www.staticking.com/order0fc1.html]
[www.staticking.com/youtube-subscriber-provider.html]
[www.staticking.com/order9b7e.html]
[www.staticking.com/order1fdb.html]
[www.staticking.com/order383d.html]
[www.staticking.com/order7f09.html]
[www.staticking.com/order1e7f.html]
[www.staticking.com/youtube-likes-provider.html]
[www.staticking.com/orderb6a1.html]
[www.staticking.com/order5fd9.html]
[www.staticking.com/order66cb.html]
[www.staticking.com/orderd0d2.html]
[www.staticking.com/order1607.html]
[www.staticking.com/order27f1.html]
[www.staticking.com/orderf32d.html]
[www.staticking.com/order5fdd.html]
[www.staticking.com/order22eb.html]
[www.staticking.com/order28a1.html]
[www.staticking.com/ordereeb2.html]
[www.staticking.com/order0387.html]
[www.staticking.com/youtube-comments-provider.html]
[www.staticking.com/order156a.html]
[www.staticking.com/order6ab7.html]
[www.staticking.com/youtube-trending-provider.html]
[www.staticking.com/ordercae4.html]
[www.staticking.com/ordered19.html]
[www.staticking.com/orderf9e3.html]
[www.staticking.com/youtube-monetization-provider.html]
[www.staticking.com/order06da.html]
[www.staticking.com/orderd370.html]
[www.staticking.com/orderb8d4.html]
[www.staticking.com/order6bbd.html]
[www.staticking.com/youtube-verification-provider.html]
[www.staticking.com/order3ca1.html]
[www.staticking.com/image/social-icon/TikTok-a.png]
[www.staticking.com/ordere934.html]
[www.staticking.com/orderb336.html]
[www.staticking.com/orderf3ce.html]
[www.staticking.com/order31ab.html]
[www.staticking.com/ordere886.html]
[www.staticking.com/orderfa5b.html]
[www.staticking.com/orderfb54.html]
[www.staticking.com/orderb0fd.html]
[www.staticking.com/order32aa.html]
[www.staticking.com/orderee53.html]
[www.staticking.com/order7410.html]
[www.staticking.com/order1c02.html]
[www.staticking.com/order66d6.html]
[www.staticking.com/order8c97.html]
[www.staticking.com/orderaf51.html]
[www.staticking.com/orderd5e5.html]
[www.staticking.com/orderc88a.html]
[www.staticking.com/order8cce.html]
[www.staticking.com/order2329.html]
[www.staticking.com/order8688.html]
[www.staticking.com/orderc76a.html]
[www.staticking.com/orderfdc6.html]
[www.staticking.com/ordere15f.html]
[www.staticking.com/order11b2.html]
[www.staticking.com/orderaf07.html]
[www.staticking.com/order2340.html]
[www.staticking.com/order488d.html]
[www.staticking.com/order770a.html]
[www.staticking.com/order9363.html]
[www.staticking.com/tiktok-provider.html]
[www.staticking.com/order62cf.html]
[www.staticking.com/image/slider/LOCAL-SEO-BANNER.jpg]
[www.staticking.com/image/social-icon/linkdin-a.png]
[www.staticking.com/order5d32.html]
[www.staticking.com/order5027.html]
[www.staticking.com/orderf1d6.html]
[www.staticking.com/ordera515.html]
[www.staticking.com/linkedin-provider.html]
[www.staticking.com/order3ed3.html]
[www.staticking.com/image/slider/web-design-banner.jpg]
[www.staticking.com/image/social-icon/Website-Traffic-a.png]
[www.staticking.com/order9866.html]
[www.staticking.com/orderdb2a.html]
[www.staticking.com/website-traffic-provider.html]
[www.staticking.com/order5fcb.html]
[www.staticking.com/image/social-icon/App-Installation-a.png]
[www.staticking.com/order0067.html]
[www.staticking.com/order990b.html]
[www.staticking.com/ordere808.html]
[www.staticking.com/order4f39.html]
[www.staticking.com/orderdec4.html]
[www.staticking.com/order7cb0.html]
[www.staticking.com/ordere2e8.html]
[www.staticking.com/ordera76e.html]
[www.staticking.com/app-installation-provider.html]
[www.staticking.com/ordere0d3.html]
[www.staticking.com/image/slider/temail.jpg]
[www.staticking.com/image/social-icon/spotify-a.png]
[www.staticking.com/order5b06.html]
[www.staticking.com/order31cf.html]
[www.staticking.com/order9067.html]
[www.staticking.com/ordere9cf.html]
[www.staticking.com/spotify-provider.html]
[www.staticking.com/orderf75b.html]
[www.staticking.com/image/social-icon/Telegram-a.png]
[www.staticking.com/order642d.html]
[www.staticking.com/ordera139.html]
[www.staticking.com/order4498.html]
[www.staticking.com/telegram-provider.html]
[www.staticking.com/order1dda.html]
[www.staticking.com/image/tools-technologies-back.jpg]
[www.staticking.com/image/social-icon/Reviews-Rating-a.png]
[www.staticking.com/orderb3f7.html]
[www.staticking.com/order8b64.html]
[www.staticking.com/order508f.html]
[www.staticking.com/reviews-and-rating-provider.html]
[www.staticking.com/order9dd5.html]
[www.staticking.com/css/popups.css]
[code.jquery.com/jquery-1.11.2.min.js]
[www.staticking.com/image/vps-cloud-server-banner.jpg]
[www.staticking.com/image/host.png]
[www.staticking.com/image/gur.png]
[www.staticking.com/image/choice.png]
[www.staticking.com/image/admin.png]
[www.staticking.com/image/migration.png]
[www.staticking.com/image/ip.png]
[www.staticking.com/image/nofee.png]
[www.staticking.com/vps-cloud-server.html]
[www.staticking.com/image/dedicated-servers-banner.jpg]
[www.staticking.com/dedicated-servers.html]
[www.staticking.com/image/server-addons-baaner.jpg]
[www.staticking.com/server-addons.html]
[www.staticking.com/image/linux-hosting-banner.jpg]
[www.staticking.com/linux-hosting.html]
[www.staticking.com/image/window-hosting-banner.jpg]
[www.staticking.com/window-hosting.html]
[www.staticking.com/e-commerce-hosting.html]
[www.staticking.com/image/linux-reseller-hosting-banner.jpg]
[www.staticking.com/linux-reseller-hosting.html]
[www.staticking.com/window-reseller-hosting.html]
[www.staticking.com/image/business-email-hosting-banner.jpg]
[www.staticking.com/business-email-hosting.html]
[www.staticking.com/image/slider/hostedivr.jpg]
[www.staticking.com/image/icon-ivr.png]
[www.staticking.com/image/welcome-icon.png]
[www.staticking.com/image/never-miss.png]
[www.staticking.com/image/notification.png]
[www.staticking.com/image/music.png]
[www.staticking.com/ivr-service-provider.html]
[www.staticking.com/image/circle-area.png]
[www.staticking.com/image/comments.png]
[www.staticking.com/misscall-alert-provider.html]
[www.staticking.com/image/tool4.jpg]
[www.staticking.com/tollfree-number-provider.html]
[www.staticking.com/image/slider/voice-over-banner.jpg]
[www.staticking.com/voice-over-artist-delhi.html]
[www.staticking.com/image/email-i.png]
[www.staticking.com/image/temp.png]
[www.staticking.com/image/WYSIWYG.png]
[www.staticking.com/image/ctr.png]
[www.staticking.com/image/otem.png]
[www.staticking.com/image/person.png]
[www.staticking.com/image/schedule.png]
[www.staticking.com/bulk-email.html]
[www.staticking.com/transactional-email.html]
[www.staticking.com/email-campaiging.html]
[www.staticking.com/dedicated-smtp-server.html]
[www.staticking.com/email-application.html]
[www.staticking.com/image/slider/emailconfig.jpg]
[www.staticking.com/email-configuration.html]
[www.staticking.com/biometric/rf-id-crd.png]
[www.staticking.com/biometric/Normal-PVC-Card-No-RF.png]
[www.staticking.com/biometric/RF-ID-Card-Chip-base-1K.png]
[www.staticking.com/biometric/RF–ID-Card-Chip-base-4K.png]
[www.staticking.com/biometric/Contact-IC-Card-CHIP-Card-Chip-Base.png]
[www.staticking.com/biometric/mi-fare-card.png]
[www.staticking.com/biometric/Normal-Plastic-Cover1.jpg]
[www.staticking.com/biometric/Aluminium-Plastic-Cover.jpg]
[www.staticking.com/biometric/Normal-Quality-Ribbon.jpg]
[www.staticking.com/biometric/High-Quality-Ribbon.jpg]
[www.staticking.com/biometric/n-series/N-X990.jpg]
[www.staticking.com/biometric/n-series/Biomax-finger.png]
[www.staticking.com/biometric/n-series/Biomax-rfid.png]
[www.staticking.com/biometric/n-series/Biomax-access.png]
[www.staticking.com/biometric/n-series/Biomax-wifi.png]
[www.staticking.com/biometric/n-series/Biomax-battery.png]
[www.staticking.com/biometric/n-series/Biomax-tcpip.png]
[www.staticking.com/biometric/n-series/Biomax-usb.png]
[www.staticking.com/biometric/n-series/N-X990.pdf]
[www.staticking.com/biometric/n-series/N-BM30W.jpg]
[www.staticking.com/biometric/n-series/finger.png]
[www.staticking.com/biometric/n-series/rfid.png]
[www.staticking.com/biometric/n-series/battery.png]
[www.staticking.com/biometric/n-series/Door.png]
[www.staticking.com/biometric/n-series/wifi.png]
[www.staticking.com/biometric/n-series/tcp.png]
[www.staticking.com/biometric/n-series/usb.png]
[www.staticking.com/biometric/n-series/N-BM30W.pdf]
[www.staticking.com/biometric/n-series/N-X90W.jpg]
[www.staticking.com/biometric/n-series/N-X90W.pdf]
[www.staticking.com/biometric/n-series/N-BM22.jpg]
[www.staticking.com/biometric/n-series/N-BM22.pdf]
[www.staticking.com/biometric/n-series/N-K30.jpg]
[www.staticking.com/biometric/n-series/N-K30.pdf]
[www.staticking.com/biometric/n-series/N-BM300.jpg]
[www.staticking.com/biometric/n-series/N-BM300.pdf]
[www.staticking.com/biometric/n-series/N-Z90W.jpg]
[www.staticking.com/biometric/n-series/N-Z90.pdf]
[www.staticking.com/biometric/n-series/N-BM20-ID.jpg]
[www.staticking.com/biometric/n-series/N-BM20.pdf]
[www.staticking.com/biometric/n-series/N-BM21.jpg]
[www.staticking.com/biometric/n-series/N-BM21.pdf]
[www.staticking.com/biometric/n-series/access10.jpg]
[www.staticking.com/biometric/n-series/Access10.pdf]
[www.staticking.com/biometric/n-series/F12.jpg]
[www.staticking.com/biometric/n-series/Biomax-rfid2.png]
[www.staticking.com/biometric/n-series/FR12.pdf]
[www.staticking.com/biometric/v-series/V-AX18.jpg]
[www.staticking.com/biometric/n-series/feather.png]
[www.staticking.com/biometric/v-series/V-AX18.pdf]
[www.staticking.com/biometric/v-series/V-AX11.jpg]
[www.staticking.com/biometric/v-series/V-AX11.pdf]
[www.staticking.com/biometric/v-series/V-TA45.jpg]
[www.staticking.com/biometric/v-series/V-TA45.pdf]
[www.staticking.com/biometric/v-series/V-AX14.jpg]
[www.staticking.com/biometric/v-series/V-AX14.pdf]
[www.staticking.com/biometric/v-series/V-AX27.jpg]
[www.staticking.com/biometric/n-series/poe.png]
[www.staticking.com/biometric/v-series/V-AX27.pdf]
[www.staticking.com/biometric/v-series/V-AX16.jpg]
[www.staticking.com/biometric/v-series/V-AX16.pdf]
[www.staticking.com/biometric/v-series/V-R12.jpg]
[www.staticking.com/biometric/v-series/V-R12.pdf]
[www.staticking.com/biometric-attendance-system-in-patna.html]
[www.staticking.com/image/social-icon/other.html]
[www.staticking.com/order6af2.html]
[www.staticking.com/ordere755.html]
[www.staticking.com/order217e.html]
[code.jquery.com/jquery-3.3.1.min.js]
[www.staticking.com/orderbec2.html]
[www.staticking.com/order2844.html]
[www.staticking.com/ordercbd3.html]
[www.staticking.com/order1205.html]
[www.staticking.com/orderb158.html]
[www.staticking.com/order358a.html]
[www.staticking.com/orderb703.html]
[www.staticking.com/about-us.html]
[www.kingdigital.in/admin/uploads/12042016090833dlf.png]
[www.kingdigital.in/admin/uploads/120420160916412.png]
[www.kingdigital.in/admin/uploads/1571393445sbi.png]
[www.kingdigital.in/admin/uploads/1204201609385613.png]
[www.kingdigital.in/admin/uploads/19062017060319iifl.png]
[www.kingdigital.in/admin/uploads/120420160917503.png]
[www.kingdigital.in/admin/uploads/120420160921324.png]
[www.kingdigital.in/admin/uploads/120420160924176.png]
[www.kingdigital.in/admin/uploads/120420160925525.png]
[www.kingdigital.in/admin/uploads/1532932639raheja.png]
[www.kingdigital.in/admin/uploads/1204201609340711.png]
[www.kingdigital.in/admin/uploads/1204201609370312.png]
[www.kingdigital.in/admin/uploads/1204201609392114.png]
[www.kingdigital.in/admin/uploads/1204201609433215.png]
[www.kingdigital.in/admin/uploads/1204201609401816.png]
[www.kingdigital.in/admin/uploads/1204201609414920.png]
[www.kingdigital.in/admin/uploads/1532932649iim.png]
[www.kingdigital.in/admin/uploads/1204201609410018.png]
[www.kingdigital.in/admin/uploads/1532932658vlcc.png]
[www.kingdigital.in/admin/uploads/1532932687sonalika-international.png]
[www.staticking.com/our-clientsf62c.html]
[www.staticking.com/our-clientsce8a.html]
[www.staticking.com/our-clients62e8.html]
[www.staticking.com/our-clients.html]
[www.staticking.com/our-clients71c9.html]
[www.staticking.com/blog/public/front/image/favicon.ico]
[www.staticking.com/blog/public/front/css/my-css.css]
[www.staticking.com/blog/public/front/image/logo.png]
[www.staticking.com/blog/public/front/image/g-suite.png]
[www.staticking.com/blog/best-website-development-company-delhi.html]
[www.staticking.com/blog/public/front/image/seo-smo.png]
[www.staticking.com/blog/public/front/image/cloudh.png]
[www.staticking.com/blog/public/front/image/ivr-menu.png]
[www.staticking.com/blog/uploads/blog/1580382712Website-Design-Company-Delhi.jpg]
[www.staticking.com/blog/uploads/blog/1580385205Website-Design-Services-in-Delhi_(1).jpg]
[www.staticking.com/blog/uploads/blog/1580385499Website-Design-Delhi-768x576.jpg]
[www.staticking.com/blog/uploads/blog/1580385574Website-Design-Company-Delhi.jpg]
[www.staticking.com/blog/looking-for-best-website-design-service-in-delhi/index.html]
[www.staticking.com/blog/uploads/blog/1580385690best-seo-service-delhi.png]
[www.staticking.com/blog/uploads/blog/1580385761bulksms2.png]
[www.staticking.com/blog/uploads/blog/1580385870bulksms2.png]
[www.staticking.com/blog/uploads/blog/1580385943sms-marketing-500x500-300x173.jpg]
[www.staticking.com/blog/uploads/blog/1580386064banner-300x86.jpg]
[www.staticking.com/blog/want-a-best-website-design-service-in-delhi/index.html]
[www.staticking.com/blog/uploads/blog/1580386710static-king-12.png]
[www.staticking.com/blog/index1448.html]
[www.staticking.com/blog/indexf62c.html]
[www.staticking.com/blog/index02d1.html]
[www.staticking.com/blog/how-to-find-best-seo-services-company-in-delhi/index.html]
[www.staticking.com/blog/tag/Bulk-SMS.html]
[www.staticking.com/blog/tag/Buy-Facebook-Likes.html]
[www.staticking.com/blog/tag/Ecommerce-Website-Development-Services.html]
[www.staticking.com/blog/tag/Email-Marketing-Solutions.html]
[www.staticking.com/blog/website-design-company-in-delhi/index.html]
[www.staticking.com/blog/tag/IVR-system-provider.html]
[www.staticking.com/blog/tag/SEO-Services.html]
[www.staticking.com/blog/tag/Toll-Free-Number-Provider.html]
[www.staticking.com/blog/tag/Voice-Call.html]
[www.staticking.com/blog/tag/Website-Design-Delhi.html]
[www.staticking.com/blog/best-seo-services-company-in-delhi/index.html]
[www.staticking.com/blog/tag/Youtube-Views.html]
[www.staticking.com/blog/public/front/image/paypall.jpg]
[www.staticking.com/blog/public/front/image/our-brand.jpg]
[www.staticking.com/blog/public/front/image/brands/king-digital.png]
[www.staticking.com/blog/why-and-to-find-bulk-sms-company-in-pune/index.html]
[www.staticking.com/blog/public/front/image/brands/digital-by.png]
[www.staticking.com/blog/public/front/image/brands/king-cloud.png]
[www.staticking.com/blog/public/front/image/brands/w3-design.png]
[www.staticking.com/blog/public/front/image/brands/ivr-king.png]
[www.staticking.com/blog/public/front/image/brands/king-classes.png]
[www.staticking.com/blog/an-effective-tool-for-growing-business/index.html]
[www.staticking.com/blog/public/front/css/bootstrap.css]
[www.staticking.com/blog/public/front/css/custom.css]
[www.staticking.com/blog/public/front/css/responsive.css]
[www.staticking.com/blog/all-you-need-to-know-about-bulk-sms-pune/index.html]
[www.staticking.com/blog/public/front/js/jquery-3.1.1.min.js]
[www.staticking.com/blog/public/front/js/fontawesome.js]
[www.staticking.com/blog/index.html]
[www.staticking.com/blog/public/front/js/bootstrap.min.js]
[www.staticking.com/blog/How-to-Boost-Website-Traffic-with-Bulk-SMS-Services/index.html]
[www.staticking.com/bulk-sms-mumbai.html]
[www.staticking.com/blog/benefits-of-bulk-sms-marketing-for-business-and-finance-industry/index.html]
[www.staticking.com/image/bul-sms-patna.png]
[www.staticking.com/mobile-app-development-patna.html]
[www.staticking.com/seo-service-provider-company-patna-bihar.html]
[www.staticking.com/web-development-patna.html]
[www.staticking.com/website-design-patna.html]
[www.staticking.com/bulk-sms-patna.html]
[www.staticking.com/bulk-sms-pune.html]
[www.staticking.com/bulk-sms-kolkata.html]
[www.staticking.com/bulk-sms-lucknow.html]
[www.staticking.com/bulk-sms-punjab.html]
[www.staticking.com/bulk-sms-jaipur.html]
[www.staticking.com/bulk-sms-bangalore.html]
[www.staticking.com/bulk-sms-hyderabad.html]
[www.staticking.com/bulk-sms-gujarat.html]
[www.staticking.com/bulk-sms-odisha.html]
[www.staticking.com/bulk-sms-indore.html]
[www.staticking.com/bulk-sms-ranchi.html]
[www.staticking.com/bulk-sms-chennai.html]
[www.staticking.com/bulk-sms-guwahati.html]
[www.staticking.com/bulk-sms-usa.html]
[www.staticking.com/bulk-sms-dubai.html]
[www.staticking.com/bulk-sms-canada.html]
[www.staticking.com/bulk-sms-singapore.html]
[www.staticking.com/orderaa84.html]
[www.staticking.com/bulk-sms-australia.html]
[www.staticking.com/bulk-sms-nepal.html]
[www.staticking.com/bulk-sms-saudi-arabia.html]
[www.staticking.com/order371e.html]
[www.staticking.com/bulk-sms-london.html]
[www.staticking.com/image/term-banner.jpg]
[www.staticking.com/terms-services.html]
[www.staticking.com/image/refund-policy-banner.jpg]
[www.staticking.com/refund-policy.html]
[www.staticking.com/image/anti-spam-policy-banner.jpg]
[www.staticking.com/anti-spam-policy.html]
[www.staticking.com/image/sla-banner.jpg]
[www.staticking.com/sla.html]
[www.staticking.com/image/sitemap-banner.jpg]
[www.staticking.com/sitemap.html]
[www.staticking.com/image/mmmm.png]
[www.staticking.com/css/bootstrap.css]
[www.staticking.com/css/custom.css]
[www.staticking.com/css/responsive.css]
[www.staticking.com/css/new-staticking.css]
[apis.google.com/js/platform290a.js]
[www.staticking.com/thanks.html]
[www.staticking.com/images/world.html]
[www.staticking.com/image/whatsapp-footer.html]
[use.fontawesome.com/87ec2a9e3f.css]
[use.fontawesome.com/releases/v4.7.0/css/font-awesome-css.min.css]
[cdnjs.cloudflare.com/ajax/libs/owl-carousel/1.3.3/grabbing.png]
[cdnjs.cloudflare.com/ajax/libs/owl-carousel/1.3.3/owl.carousel.min.css]
[cdnjs.cloudflare.com/ajax/libs/owl-carousel/1.3.3/AjaxLoader.gif]
[cdnjs.cloudflare.com/ajax/libs/owl-carousel/1.3.3/owl.theme.min.css]
[maxcdn.bootstrapcdn.com/bootstrap/3.3.6/css/bootstrap.min.css]
[www.staticking.com/order7893.html]
[www.staticking.com/css/api.css]
[www.staticking.com/image/Thought-Breaking-background.jpg]
[www.staticking.com/image/Thought-Breaking-background2.jpg]
[www.staticking.com/image/site-mor-feature.jpg]
[www.staticking.com/css/androd.css]
[www.staticking.com/src/ziehharmonika.css]
[www.staticking.com/online-reputation-management-2.html]
[www.staticking.com/facebook-likes-provider-2.html]
[www.staticking.com/order4940.html]
[www.staticking.com/orderd733.html]
[www.staticking.com/orderba0e.html]
[www.staticking.com/order9cbd.html]
[www.staticking.com/order7974.html]
[www.staticking.com/orderedb4.html]
[www.staticking.com/order7c81.html]
[www.staticking.com/order8169.html]
[www.staticking.com/order1d1c.html]
[www.staticking.com/orderd25a.html]
[www.staticking.com/ordercd7d.html]
[www.staticking.com/orderc38e.html]
[www.staticking.com/order6f53.html]
[www.staticking.com/orderde44.html]
[www.staticking.com/order9515.html]
[www.staticking.com/order4bbe.html]
[www.staticking.com/order87e1.html]
[www.staticking.com/order00d1.html]
[www.staticking.com/order518f.html]
[www.staticking.com/order7ce1.html]
[www.staticking.com/facebook-video-views-provider-2.html]
[www.staticking.com/order590d.html]
[www.staticking.com/order5655.html]
[www.staticking.com/order2e2f.html]
[www.staticking.com/order76bc.html]
[www.staticking.com/order627e.html]
[www.staticking.com/orderd2fb.html]
[www.staticking.com/facebook-followers-provider-2.html]
[www.staticking.com/orderb56c.html]
[www.staticking.com/order7e4d.html]
[www.staticking.com/order6224.html]
[www.staticking.com/order9611.html]
[www.staticking.com/order63d4.html]
[www.staticking.com/order9140.html]
[www.staticking.com/order9118.html]
[www.staticking.com/orderbcbb.html]
[www.staticking.com/facebook-votes-provider-2.html]
[www.staticking.com/ordere205.html]
[www.staticking.com/order1c20.html]
[www.staticking.com/orderb148.html]
[www.staticking.com/order3342.html]
[www.staticking.com/facebook-share-comments-provider-2.html]
[www.staticking.com/order6a42.html]
[www.staticking.com/order7ee6.html]
[www.staticking.com/ordera595.html]
[www.staticking.com/order99a2.html]
[www.staticking.com/orderbc1a.html]
[www.staticking.com/order42af.html]
[www.staticking.com/order2657.html]
[www.staticking.com/order5801.html]
[www.staticking.com/order18b0.html]
[www.staticking.com/order452b.html]
[www.staticking.com/facebook-engagement-provider-2.html]
[www.staticking.com/orderaa62.html]
[www.staticking.com/order96df.html]
[www.staticking.com/order2f4f.html]
[www.staticking.com/order59cb.html]
[www.staticking.com/facebook-page-ratings-provider-2.html]
[www.staticking.com/order09bd.html]
[www.staticking.com/order7d5d.html]
[www.staticking.com/order9e86.html]
[www.staticking.com/order77e3.html]
[www.staticking.com/facebook-verification-provider-2.html]
[www.staticking.com/order3fdb.html]
[www.staticking.com/order37fc.html]
[www.staticking.com/order2583.html]
[www.staticking.com/order8583.html]
[www.staticking.com/instagram-followers-provider-2.html]
[www.staticking.com/order8a02.html]
[www.staticking.com/orderedb1.html]
[www.staticking.com/order8910.html]
[www.staticking.com/order9e60.html]
[www.staticking.com/ordere63b.html]
[www.staticking.com/orderab61.html]
[www.staticking.com/order6d32.html]
[www.staticking.com/orderfe61.html]
[www.staticking.com/orderaed6.html]
[www.staticking.com/ordera99e.html]
[www.staticking.com/orderb51a.html]
[www.staticking.com/order574e.html]
[www.staticking.com/orderd60f.html]
[www.staticking.com/ordere868.html]
[www.staticking.com/order0238.html]
[www.staticking.com/orderfe88.html]
[www.staticking.com/ordere171.html]
[www.staticking.com/order4a8a.html]
[www.staticking.com/order3e11.html]
[www.staticking.com/orderd784.html]
[www.staticking.com/order1b9a.html]
[www.staticking.com/orderfb85.html]
[www.staticking.com/order4b48.html]
[www.staticking.com/instagram-likes-share-provider-2.html]
[www.staticking.com/orderc245.html]
[www.staticking.com/ordera38a.html]
[www.staticking.com/orderbf6c.html]
[www.staticking.com/order4402.html]
[www.staticking.com/order46dc.html]
[www.staticking.com/orderbf1d.html]
[www.staticking.com/order1c24.html]
[www.staticking.com/order0d3f.html]
[www.staticking.com/instagram-views-comments-provider-2.html]
[www.staticking.com/orderfd04.html]
[www.staticking.com/orderb09b.html]
[www.staticking.com/order5e70.html]
[www.staticking.com/order1786.html]
[www.staticking.com/orderc7e1.html]
[www.staticking.com/order0d5c.html]
[www.staticking.com/order8441.html]
[www.staticking.com/order5254.html]
[www.staticking.com/orderc318.html]
[www.staticking.com/orderd40f.html]
[www.staticking.com/ordera16f.html]
[www.staticking.com/order573a.html]
[www.staticking.com/order3a8a.html]
[www.staticking.com/order5abb.html]
[www.staticking.com/instagram-verification-provider-2.html]
[www.staticking.com/ordera4e0.html]
[www.staticking.com/order9a36.html]
[www.staticking.com/order9068.html]
[www.staticking.com/order468a.html]
[www.staticking.com/twitter-followers-provider-2.html]
[www.staticking.com/order6534.html]
[www.staticking.com/orderade2.html]
[www.staticking.com/order0564.html]
[www.staticking.com/order9a4f.html]
[www.staticking.com/orderee60.html]
[www.staticking.com/ordere731.html]
[www.staticking.com/order4af3.html]
[www.staticking.com/twitter-likes-retweetsn-provider-2.html]
[www.staticking.com/order7527.html]
[www.staticking.com/order8d2b.html]
[www.staticking.com/order4c59.html]
[www.staticking.com/order4253.html]
[www.staticking.com/orderb6dd.html]
[www.staticking.com/order0250.html]
[www.staticking.com/twitter-comments-provider-2.html]
[www.staticking.com/order5fb1.html]
[www.staticking.com/order32b9.html]
[www.staticking.com/order681d.html]
[www.staticking.com/order24e3.html]
[www.staticking.com/order903b.html]
[www.staticking.com/order22e7.html]
[www.staticking.com/order7649.html]
[www.staticking.com/youtube-views-provider-2.html]
[www.staticking.com/order8f58.html]
[www.staticking.com/order225d.html]
[www.staticking.com/order6552.html]
[www.staticking.com/order0dd2.html]
[www.staticking.com/order6171.html]
[www.staticking.com/ordere15b.html]
[www.staticking.com/orderff10.html]
[www.staticking.com/ordercd52.html]
[www.staticking.com/orderce2a.html]
[www.staticking.com/orderc060.html]
[www.staticking.com/ordereb2b.html]
[www.staticking.com/orderb4c2.html]
[www.staticking.com/order18c0.html]
[www.staticking.com/orderc9ac.html]
[www.staticking.com/orderd59d.html]
[www.staticking.com/order49b6.html]
[www.staticking.com/order6932.html]
[www.staticking.com/ordercc02.html]
[www.staticking.com/orderca92.html]
[www.staticking.com/order337a.html]
[www.staticking.com/orderf895.html]
[www.staticking.com/order291d.html]
[www.staticking.com/ordereb33.html]
[www.staticking.com/order96ef.html]
[www.staticking.com/orderd3bd.html]
[www.staticking.com/orderdc5c.html]
[www.staticking.com/order82ad.html]
[www.staticking.com/order5f49.html]
[www.staticking.com/order2fb5.html]
[www.staticking.com/order0ef9.html]
[www.staticking.com/orderfb57.html]
[www.staticking.com/order74f0.html]
[www.staticking.com/youtube-subscriber-provider-2.html]
[www.staticking.com/ordercffa.html]
[www.staticking.com/order3dda.html]
[www.staticking.com/orderce36.html]
[www.staticking.com/order6210.html]
[www.staticking.com/order9dbc.html]
[www.staticking.com/order0fc1.html]
[www.staticking.com/youtube-likes-provider-2.html]
[www.staticking.com/order9b7e.html]
[www.staticking.com/order1fdb.html]
[www.staticking.com/order383d.html]
[www.staticking.com/order7f09.html]
[www.staticking.com/order1e7f.html]
[www.staticking.com/orderb6a1.html]
[www.staticking.com/youtube-comments-provider-2.html]
[www.staticking.com/order5fd9.html]
[www.staticking.com/order66cb.html]
[www.staticking.com/orderd0d2.html]
[www.staticking.com/order1607.html]
[www.staticking.com/order27f1.html]
[www.staticking.com/orderf32d.html]
[www.staticking.com/order5fdd.html]
[www.staticking.com/order22eb.html]
[www.staticking.com/order28a1.html]
[www.staticking.com/ordereeb2.html]
[www.staticking.com/order0387.html]
[www.staticking.com/order156a.html]
[www.staticking.com/youtube-trending-provider-2.html]
[www.staticking.com/order6ab7.html]
[www.staticking.com/ordercae4.html]
[www.staticking.com/youtube-monetization-provider-2.html]
[www.staticking.com/ordered19.html]
[www.staticking.com/orderf9e3.html]
[www.staticking.com/order06da.html]
[www.staticking.com/youtube-verification-provider-2.html]
[www.staticking.com/orderd370.html]
[www.staticking.com/orderb8d4.html]
[www.staticking.com/order6bbd.html]
[www.staticking.com/order3ca1.html]
[www.staticking.com/tiktok-provider-2.html]
[www.staticking.com/ordere934.html]
[www.staticking.com/orderb336.html]
[www.staticking.com/orderf3ce.html]
[www.staticking.com/order31ab.html]
[www.staticking.com/ordere886.html]
[www.staticking.com/orderfa5b.html]
[www.staticking.com/orderfb54.html]
[www.staticking.com/orderb0fd.html]
[www.staticking.com/order32aa.html]
[www.staticking.com/orderee53.html]
[www.staticking.com/order7410.html]
[www.staticking.com/order1c02.html]
[www.staticking.com/order66d6.html]
[www.staticking.com/order8c97.html]
[www.staticking.com/orderaf51.html]
[www.staticking.com/orderd5e5.html]
[www.staticking.com/orderc88a.html]
[www.staticking.com/order8cce.html]
[www.staticking.com/order2329.html]
[www.staticking.com/order8688.html]
[www.staticking.com/orderc76a.html]
[www.staticking.com/orderfdc6.html]
[www.staticking.com/ordere15f.html]
[www.staticking.com/order11b2.html]
[www.staticking.com/orderaf07.html]
[www.staticking.com/order2340.html]
[www.staticking.com/order488d.html]
[www.staticking.com/order770a.html]
[www.staticking.com/order9363.html]
[www.staticking.com/order62cf.html]
[www.staticking.com/linkedin-provider-2.html]
[www.staticking.com/order5d32.html]
[www.staticking.com/order5027.html]
[www.staticking.com/orderf1d6.html]
[www.staticking.com/ordera515.html]
[www.staticking.com/order3ed3.html]
[www.staticking.com/website-traffic-provider-2.html]
[www.staticking.com/order9866.html]
[www.staticking.com/orderdb2a.html]
[www.staticking.com/order5fcb.html]
[www.staticking.com/app-installation-provider-2.html]
[www.staticking.com/order0067.html]
[www.staticking.com/order990b.html]
[www.staticking.com/ordere808.html]
[www.staticking.com/order4f39.html]
[www.staticking.com/orderdec4.html]
[www.staticking.com/order7cb0.html]
[www.staticking.com/ordere2e8.html]
[www.staticking.com/ordera76e.html]
[www.staticking.com/ordere0d3.html]
[www.staticking.com/spotify-provider-2.html]
[www.staticking.com/order5b06.html]
[www.staticking.com/order31cf.html]
[www.staticking.com/order9067.html]
[www.staticking.com/ordere9cf.html]
[www.staticking.com/orderf75b.html]
[www.staticking.com/telegram-provider-2.html]
[www.staticking.com/order642d.html]
[www.staticking.com/ordera139.html]
[www.staticking.com/order4498.html]
[www.staticking.com/order1dda.html]
[www.staticking.com/reviews-and-rating-provider-2.html]
[www.staticking.com/orderb3f7.html]
[www.staticking.com/order8b64.html]
[www.staticking.com/order508f.html]
[www.staticking.com/order9dd5.html]
[www.staticking.com/css/popups.css]
[www.kingdigital.in/admin/uploads/1532932733Medical-Council-of-India-MCI.png]
[www.kingdigital.in/admin/uploads/1532932775colorjet.png]
[www.kingdigital.in/admin/uploads/1532932786aafm.png]
[www.kingdigital.in/admin/uploads/1532932796tcl.png]
[www.kingdigital.in/admin/uploads/1532932809Bajaj_corp.png]
[www.kingdigital.in/admin/uploads/1532932828bajaj-aloond-drops.png]
[www.kingdigital.in/admin/uploads/1532932866vishwa-hindu-parishad.png]
[www.kingdigital.in/admin/uploads/2104201602590147.png]
[www.kingdigital.in/admin/uploads/120420160932079.png]
[www.kingdigital.in/admin/uploads/20062017033328eros-group.png]
[www.kingdigital.in/admin/uploads/1204201609403717.png]
[www.kingdigital.in/admin/uploads/20062017033721spsu.png]
[www.kingdigital.in/admin/uploads/210420160237549.png]
[www.kingdigital.in/admin/uploads/1532932412tender-news.png]
[www.kingdigital.in/admin/uploads/1532932499ps-wisdom.png]
[www.kingdigital.in/admin/uploads/1532932545Shikhar-Microfinance.png]
[www.kingdigital.in/admin/uploads/20062017032908volano.png]
[www.kingdigital.in/admin/uploads/1532932625edm.png]
[www.kingdigital.in/admin/uploads/1532932745kvs.png]
[www.kingdigital.in/admin/uploads/20062017033413nakslaw.png]
[www.staticking.com/our-clientsf62c.html]
[www.kingdigital.in/admin/uploads/1204201609324210.png]
[www.kingdigital.in/admin/uploads/1204201609411919.png]
[www.kingdigital.in/admin/uploads/2104201602451821.png]
[www.kingdigital.in/admin/uploads/19062017060111navairindia.png]
[www.kingdigital.in/admin/uploads/20062017033146rkassociates.png]
[www.kingdigital.in/admin/uploads/20062017033211uniqueshiksha.png]
[www.kingdigital.in/admin/uploads/20062017033355axiomlandbase.png]
[www.kingdigital.in/admin/uploads/20062017033604singerindia.png]
[www.kingdigital.in/admin/uploads/20062017033742fundooclicks.png]
[www.kingdigital.in/admin/uploads/1532932614sumitomo.png]
[www.kingdigital.in/admin/uploads/12042016090938wics.png]
[www.kingdigital.in/admin/uploads/120420160927127.png]
[www.kingdigital.in/admin/uploads/120420160928588.png]
[www.kingdigital.in/admin/uploads/210420160200132.png]
[www.kingdigital.in/admin/uploads/210420160226531.png]
[www.kingdigital.in/admin/uploads/210420160230553.png]
[www.kingdigital.in/admin/uploads/210420160232184.png]
[www.kingdigital.in/admin/uploads/2104201602472123.png]
[www.kingdigital.in/admin/uploads/2104201602483526.png]
[www.kingdigital.in/admin/uploads/20062017032848oxxy.png]
[www.staticking.com/our-clientsce8a.html]
[www.kingdigital.in/admin/uploads/20062017032929dialmyangel.png]
[www.kingdigital.in/admin/uploads/20062017033102insidesoftwares.png]
[www.kingdigital.in/admin/uploads/20062017033118momentum.png]
[www.kingdigital.in/admin/uploads/20062017033232hellokids.png]
[www.kingdigital.in/admin/uploads/20062017033446hitechinstitut.png]
[www.kingdigital.in/admin/uploads/20062017033535kidarsons.png]
[www.kingdigital.in/admin/uploads/20062017033635littlepearlsplayschool.png]
[www.kingdigital.in/admin/uploads/1532932438smart-india-kids.png]
[www.kingdigital.in/admin/uploads/1532932454reniso.png]
[www.kingdigital.in/admin/uploads/1532932464rsdc.png]
[www.kingdigital.in/admin/uploads/1532932523bnchy.png]
[www.kingdigital.in/admin/uploads/1532932575Bangalore-Baptist-Hospital.png]
[www.kingdigital.in/admin/uploads/1532932591rkfm.png]
[www.kingdigital.in/admin/uploads/1532932672atma-ram.png]
[www.kingdigital.in/admin/uploads/1532932758conf.png]
[www.kingdigital.in/admin/uploads/2104201602402613.png]
[www.kingdigital.in/admin/uploads/2104201602444820.png]
[www.kingdigital.in/admin/uploads/2104201602492528.png]
[www.kingdigital.in/admin/uploads/2104201602515032.png]
[www.kingdigital.in/admin/uploads/2104201602535537.png]
[www.staticking.com/our-clients62e8.html]
[www.kingdigital.in/admin/uploads/2104201602562742.png]
[www.kingdigital.in/admin/uploads/2104201603010953.png]
[www.kingdigital.in/admin/uploads/2104201603013154.png]
[www.kingdigital.in/admin/uploads/2104201603035759.png]
[www.kingdigital.in/admin/uploads/1571393261sbi-logo.png]
[www.kingdigital.in/admin/uploads/1571393380sbi.png]
[www.staticking.com/our-clients71c9.html]
[www.staticking.com/blog/image/favicon.html]
[www.staticking.com/blog/public/front/css/my-css.css]
[connect.facebook.net/en_GB/sdk.js]
[www.staticking.com/blog/best-website-development-company-delhi.html]
[www.staticking.com/blog/looking-for-best-website-design-service-in-delhi/index.html]
[www.staticking.com/blog/public/images/Web-Design.jpg]
[www.staticking.com/blog/want-a-best-website-design-service-in-delhi/index.html]
[www.staticking.com/blog/public/images/Website-Design-Services-in-Delhi.jpg]
[www.staticking.com/blog/how-to-find-best-seo-services-company-in-delhi/index.html]
[www.staticking.com/seo-company-in-delhi.html]
[www.staticking.com/blog/website-design-company-in-delhi/index.html]
[www.staticking.com/blog/best-seo-services-company-in-delhi/index.html]
[www.staticking.com/blog/public/images/SMS.jpg]
[www.staticking.com/blog/public/images/Static-Voice-Call.jpg]
[www.staticking.com/blog/why-and-to-find-bulk-sms-company-in-pune/index.html]
[www.staticking.com/blog/public/images/bulksms2.png]
[www.staticking.com/blog/an-effective-tool-for-growing-business/index.html]
[www.staticking.com/blog/public/images/Bulk-SMS.png]
[www.staticking.com/blog/all-you-need-to-know-about-bulk-sms-pune/index.html]
[www.staticking.com/blog/public/images/transactional.jpg]
[www.staticking.com/blog/How-to-Boost-Website-Traffic-with-Bulk-SMS-Services/index.html]
[www.staticking.com/blog/benefits-of-bulk-sms-marketing-for-business-and-finance-industry/index.html]
[www.staticking.com/blog/uploads/blog/1580386929bulk-sms-patna.jpg]
[www.staticking.com/blog/uploads/blog/1580387005transactional-1.jpg]
[www.staticking.com/blog/uploads/blog/1580387121transactional-sms.jpg]
[www.staticking.com/blog/bulk-sms-patna-and-transactional-sms-mumbai/index.html]
[www.staticking.com/blog/uploads/blog/1580387268unnamed.jpg]
[www.staticking.com/blog/uploads/blog/1580387324Voice-call-300x99.jpg]
[www.staticking.com/blog/uploads/blog/1580387785SMS.jpg]
[www.staticking.com/blog/uploads/blog/1580387860Bulk-SMS.png]
[www.staticking.com/blog/uploads/blog/1580388883unnamed_(1).jpg]
[www.staticking.com/blog/uploads/blog/1580388941banner-300x86_(1).jpg]
[www.staticking.com/blog/lower-the-cost-bigger-the-benefits/index.html]
[www.staticking.com/blog/uploads/blog/1580389010images.jpg]
[www.staticking.com/blog/index-2.html]
[www.staticking.com/blog/indexb385.html]
[www.staticking.com/blog/index1448.html]
[www.staticking.com/blog/how-bulk-sms-marketing-is-beneficial-for-every-business/index.html]
[www.staticking.com/blog/uploads/blog/1580389132Difference-between-inbound-outbound-calls.jpg]
[www.staticking.com/blog/all-you-need-to-know-about-transactional-sms/index.html]
[www.staticking.com/blog/an-essential-key-to-stand-in-the-competitive-market/index.html]
[www.staticking.com/blog/uploads/blog/1580389251bulk-sms-email-hosting-banner.jpg]
[www.staticking.com/blog/things-you-should-keep-in-mind-while-hiring-bulk-voice-call-service/index.html]
[www.staticking.com/blog/uploads/blog/1580389314Voice-call-300x99.jpg]
[www.staticking.com/blog/uploads/blog/1580389418images_(1).jpg]
[www.staticking.com/blog/uploads/blog/1580389507banner-300x86.jpg]
[www.staticking.com/blog/uploads/blog/1580389609ecommerce-website-development-service-500x500.jpg]
[www.staticking.com/blog/connect-your-audience-without-mush-of-investment/index.html]
[www.staticking.com/blog/uploads/blog/1580389676Voice-call-300x99.jpg]
[www.staticking.com/blog/uploads/blog/1580389730bulk-sms-patna.jpg]
[www.staticking.com/blog/uploads/blog/1580389781unnamed.jpg]
[www.staticking.com/blog/uploads/blog/1580389845static-king-12.png]
[www.staticking.com/blog/how-eEffectively-collaborate-with-the-bulk-sms-service-provider/index.html]
[www.staticking.com/blog/indexf62c.html]
[www.staticking.com/blog/indexce8a.html]
[www.staticking.com/blog/bulk-sms-application-your-new-ways-to-mobile-marketing/index.html]
[www.staticking.com/blog/uploads/blog/1580456230Facebook-Likes-300x129.jpg]
[www.staticking.com/blog/uploads/blog/1580456320bulk-sms-email-hosting-banner.jpg]
[www.staticking.com/blog/how-does-promotional-email-facilitate-your-business/index.html]
[www.staticking.com/blog/uploads/blog/1580456362Website-Design-Company-Delhi.jpg]
[www.staticking.com/blog/how-it-supports-you-in-publicizing-your-business/index.html]
[www.staticking.com/blog/uploads/blog/1580456466SMS.jpg]
[www.staticking.com/blog/uploads/blog/15804564971-300x66.jpg]
[www.staticking.com/blog/uploads/blog/1580453753download.png]
[www.staticking.com/blog/index02d1.html]
[www.staticking.com/blog/are-bulk-sms-marketing-through-static-king-beneficial/index.html]
[www.staticking.com/blog/do-you-know-the-power-of-bulk-sms-in-punjab/index.html]
[www.staticking.com/blog/tag/best-website-development-company-delhi.html]
[www.staticking.com/blog/did-you-know-bulk-email-Service-can-be-advantageous-for-your-business-enterprise/index.html]
[www.staticking.com/blog/tag/Bulk-SMS.html]
[www.staticking.com/blog/tag/Buy-Facebook-Likes.html]
[www.staticking.com/blog/tag/Ecommerce-Website-Development-Services.html]
[www.staticking.com/blog/transactional-sms-services-in-india/index.html]
[www.staticking.com/blog/what-are-ecommerce-website-development-services/index.html]
[www.staticking.com/blog/why-the-need-of-voice-calls-in-todays-date/index.html]
[www.staticking.com/blog/why-do-you-need-bulk-sms-application-developer-in-india/index.html]
[www.staticking.com/blog/uploads/blog/1580456081Emil-marketing-Solutions-300x86.jpg]
[www.staticking.com/blog/tag/Email-Marketing-Solutions.html]
[www.staticking.com/blog/is-bulk-sms-marketing-through-static-king-beneficial/index.html]
[www.staticking.com/blog/uploads/blog/1580453162IVR-Service-Provider-1024x206.jpg]
[www.staticking.com/blog/why-should-you-buy-facebook-page-likes-for-business-advertising/index.html]
[www.staticking.com/blog/best-web-portal-to-use-for-bulk-sms-mumbai/index.html]
[www.staticking.com/blog/tag/IVR-system-provider.html]
[www.staticking.com/blog/uploads/blog/1580453449IVR-Number-Provider-India-min.png]
[www.staticking.com/blog/is-bulk-sms-provider-company-in-bangalore-the-only-business-savior/index.html]
[www.staticking.com/blog/why-designing-your-website-from-the-dynamic-website/index.html]
[www.staticking.com/blog/uploads/blog/1580453227best-seo-service-delhi.png]
[www.staticking.com/blog/tag/SEO-Services.html]
[www.staticking.com/blog/uploads/blog/1580453494transactional-1.jpg]
[www.staticking.com/blog/tag/Toll-Free-Number-Provider.html]
[www.staticking.com/blog/subscribe-bulk-sms-service-in-jaipur-now/index.html]
[www.staticking.com/blog/why-subscribe-to-bulk-sms-service-in-bangalore-for-a-successful-business/index.html]
[www.staticking.com/blog/tag/Voice-Call.html]
[www.staticking.com/blog/what-are-the-advantages-of-email-marketing-solutions/index.html]
[www.staticking.com/blog/how-voice-broadcasting-services-can-help-you-to-grow-your-business/index.html]
[www.staticking.com/blog/how-to-choose-ivr-service-provider-delhi/index.html]
[www.staticking.com/blog/what-makes-smart-ivr-provider-the-best/index.html]
[www.staticking.com/blog/uploads/blog/1580453674responsive_web_design.jpg]
[www.staticking.com/blog/a-quick-glance-at-why-should-you-avail-affordable-seo-services-in-delhi/index.html]
[www.staticking.com/blog/uploads/blog/1580455001Website-Design-Company-Delhi.jpg]
[www.staticking.com/blog/tag/Website-Design-Delhi.html]
[www.staticking.com/blog/why-does-your-business-need-toll-free-number-service-provider-in-delhi/index.html]
[www.staticking.com/blog/best-responsive-website-design-company-in-delhi/index.html]
[www.staticking.com/blog/best-website-design-company-in-delhi/index.html]
[www.staticking.com/blog/uploads/blog/1580453076index-300x139.png]
[www.staticking.com/blog/uploads/blog/1580456154youtube-likes-300x168.jpg]
[www.staticking.com/blog/tag/Youtube-Views.html]
[www.staticking.com/blog/do-you-really-need-youtube-video-promotion/index.html]
[www.staticking.com/blog/why-should-you-buy-youtube-views-for-better-business-marketing/index.html]
[www.staticking.com/blog/public/front/css/bootstrap.css]
[www.staticking.com/blog/public/front/css/custom.css]
[www.staticking.com/blog/public/front/css/responsive.css]
[www.staticking.com/image/app-development-icon.png]
[www.staticking.com/image/plus.png]
[www.staticking.com/css/ResponsiveAccordianMenu.css]
[www.staticking.com/mobile-app-development-patna.html]
[www.staticking.com/seo-service-provider-company-patna-bihar.html]
[www.staticking.com/web-development-patna.html]
[www.staticking.com/website-design-patna.html]
[www.staticking.com/orderaa84.html]
[www.staticking.com/order371e.html]
[www.staticking.com/fonts/glyphicons-halflings-regular.html]
[www.staticking.com/fonts/glyphicons-halflings-regulard41dd41d.html]
[www.staticking.com/fonts/glyphicons-halflings-regular-2.html]
[www.staticking.com/fonts/glyphicons-halflings-regular-3.html]
[www.staticking.com/fonts/glyphicons-halflings-regular-4.html]
[www.staticking.com/fonts/glyphicons-halflings-regular-5.html]
[use.fontawesome.com/releases/v4.7.0/css/font-awesome-css.min.css]
[www.staticking.com/upload/section_bg_04.html]
[www.staticking.com/upload/section_bg_02.html]
[www.staticking.com/upload/section_bg_03.html]
[www.staticking.com/images/footer-back.html]
[www.staticking.com/upload/casebg.html]
[www.staticking.com/upload/testibg.html]
[www.staticking.com/upload/bg_01.html]
[www.staticking.com/upload/bg_02.html]
[www.staticking.com/upload/seobg.html]
[www.staticking.com/upload/img-decor-01.html]
[www.staticking.com/images/heading-before.html]
[www.staticking.com/image/features-bg.html]
[www.staticking.com/images/how-it-works-bg.html]
[www.staticking.com/images/download-bg.html]
[www.staticking.com/images/accordion-minus.html]
[www.staticking.com/images/accordion-plus.html]
[www.staticking.com/images/testimonial-bg.html]
[www.staticking.com/images/statistic.html]
[www.staticking.com/images/map.html]
[www.staticking.com/images/footer-bg.html]
[www.staticking.com/blog/public/front/image/3.html]
[www.staticking.com/blog/public/front/image/arrow-select.html]
[www.staticking.com/blog/public/front/image/menu-me.html]
[www.staticking.com/blog/public/front/image/quick-enquiry-back.html]
[www.staticking.com/blog/public/front/biometric/biometric-attendance-system-slider.html]
[www.staticking.com/blog/public/front/biometric/why-icon.html]
[www.staticking.com/blog/public/front/image/world.html]
[www.staticking.com/blog/public/front/image/arrow-select2.html]
[www.staticking.com/blog/public/front/image/web-panel-background.html]
[www.staticking.com/blog/public/front/images/world.html]
[www.staticking.com/blog/public/front/image/look-image.html]
[www.staticking.com/blog/public/front/image/email-panel.html]
[www.staticking.com/blog/public/front/image/select-icon.html]
[connect.facebook.net/en_GB/sdk.js]
[www.staticking.com/blog/uploads/blog/index.html]
[www.staticking.com/blog/looking-for-best-website-design-service-in-delhi/best-website-development-company-delhi.html]
[www.staticking.com/blog/want-a-best-website-design-service-in-delhi/best-website-development-company-delhi.html]
[www.staticking.com/blog/wp-content/uploads/2018/12/Website-Design-Services-in-Delhi.html]
[www.staticking.com/blog/how-to-find-best-seo-services-company-in-delhi/best-website-development-company-delhi.html]
[www.staticking.com/blog/website-design-company-in-delhi/best-website-development-company-delhi.html]
[www.staticking.com/blog/best-seo-services-company-in-delhi/best-website-development-company-delhi.html]
[www.staticking.com/blog/why-and-to-find-bulk-sms-company-in-pune/best-website-development-company-delhi.html]
[www.staticking.com/blog/an-effective-tool-for-growing-business/best-website-development-company-delhi.html]
[www.staticking.com/blog/all-you-need-to-know-about-bulk-sms-pune/best-website-development-company-delhi.html]
[www.staticking.com/blog/How-to-Boost-Website-Traffic-with-Bulk-SMS-Services/best-website-development-company-delhi.html]
[www.staticking.com/blog/benefits-of-bulk-sms-marketing-for-business-and-finance-industry/best-website-development-company-delhi.html]
[www.staticking.com/blog/wp-content/uploads/2017/08/static-king-12.html]
[www.staticking.com/js/ResponsiveAccordianMenu.js]
[www.staticking.com/blog/bulk-sms-patna-and-transactional-sms-mumbai/index.html]
[www.staticking.com/blog/lower-the-cost-bigger-the-benefits/index.html]
[www.staticking.com/blog/all-you-need-to-know-about-transactional-sms/index.html]
[www.staticking.com/blog/how-bulk-sms-marketing-is-beneficial-for-every-business/index.html]
[www.staticking.com/blog/things-you-should-keep-in-mind-while-hiring-bulk-voice-call-service/index.html]
[www.staticking.com/blog/an-essential-key-to-stand-in-the-competitive-market/index.html]
[www.staticking.com/blog/connect-your-audience-without-mush-of-investment/index.html]
[www.staticking.com/blog/how-eEffectively-collaborate-with-the-bulk-sms-service-provider/index.html]
[www.staticking.com/blog/bulk-sms-application-your-new-ways-to-mobile-marketing/index.html]
[www.staticking.com/blog/how-does-promotional-email-facilitate-your-business/index.html]
[www.staticking.com/blog/index-2.html]
[www.staticking.com/blog/uploads/blog/1580452969unnamed_(2).jpg]
[www.staticking.com/blog/uploads/blog/1580453020sms-marketing-500x500-300x173.jpg]
[www.staticking.com/blog/uploads/blog/1580453277staticking-1024x206.jpg]
[www.staticking.com/blog/uploads/blog/1580453320static-king-12.png]
[www.staticking.com/blog/uploads/blog/1580453538unnamed_(1).jpg]
[www.staticking.com/blog/indexb385.html]
[www.staticking.com/blog/why-choose-static-king-as-the-bulk-sms-service-provider-in-patna/index.html]
[www.staticking.com/blog/how-it-supports-you-in-publicizing-your-business/index.html]
[www.staticking.com/blog/how-to-get-in-touch-of-the-bulk-sms-provider-in-bangalore/index.html]
[www.staticking.com/blog/why-get-in-touch-of-the-promotional-bulk-sms-provider-in-jaipur/index.html]
[www.staticking.com/blog/do-you-know-the-power-of-bulk-sms-in-punjab/index.html]
[www.staticking.com/blog/how-to-enhance-your-marketing-capabilities-with-bulk-sms-service-in-jaipur/index.html]
[www.staticking.com/blog/why-to-hire-the-bulk-sms-provider-company-in-bangalore/index.html]
[www.staticking.com/blog/are-bulk-sms-marketing-through-static-king-beneficial/index.html]
[www.staticking.com/blog/did-you-know-bulk-email-Service-can-be-advantageous-for-your-business-enterprise/index.html]
[www.staticking.com/blog/transactional-sms-services-in-india/index.html]
[www.staticking.com/blog/what-are-ecommerce-website-development-services/index.html]
[www.staticking.com/blog/why-the-need-of-voice-calls-in-todays-date/index.html]
[www.staticking.com/blog/why-do-you-need-bulk-sms-application-developer-in-india/index.html]
[www.staticking.com/blog/is-bulk-sms-marketing-through-static-king-beneficial/index.html]
[www.staticking.com/blog/best-web-portal-to-use-for-bulk-sms-mumbai/index.html]
[www.staticking.com/blog/uploads/blog/1580453813Bulk-SMS.png]
[www.staticking.com/blog/uploads/blog/1580454281bulk-sms-patna.jpg]
[www.staticking.com/blog/uploads/blog/1580454428unnamed.png]
[www.staticking.com/blog/uploads/blog/1580455055SMS.jpg]
[www.staticking.com/blog/uploads/blog/1580455979bulksms2.png]
[www.staticking.com/blog/indexce8a.html]
[www.staticking.com/blog/uploads/blog/1580456036sms-marketing-500x500-300x173.jpg]
[www.staticking.com/blog/how-can-transactional-sms-service-benefit-the-users/index.html]
[www.staticking.com/blog/why-should-business-opt-for-bulk-sms-marketing-services-over-other-services/index.html]
[www.staticking.com/blog/why-should-you-buy-facebook-page-likes-for-business-advertising/index.html]
[www.staticking.com/blog/what-type-of-services-offered-by-bulk-sms-reseller-panel/index.html]
[www.staticking.com/blog/bulk-sms-a-bonus-in-itself/index.html]
[www.staticking.com/blog/is-bulk-sms-provider-company-in-bangalore-the-only-business-savior/index.html]
[www.staticking.com/blog/bulk-sms-in-the-trend-as-regards-of-information-flow/index.html]
[www.staticking.com/blog/Stay-connected-to-people-via-bulk-sms-provisions/index.html]
[www.staticking.com/blog/why-designing-your-website-from-the-dynamic-website/index.html]
[www.staticking.com/blog/subscribe-bulk-sms-service-in-jaipur-now/index.html]
[www.staticking.com/blog/why-subscribe-to-bulk-sms-service-in-bangalore-for-a-successful-business/index.html]
[www.staticking.com/blog/how-voice-broadcasting-services-can-help-you-to-grow-your-business/index.html]
[www.staticking.com/blog/tag/image/favicon.html]
[www.staticking.com/blog/tag/best-website-development-company-delhi.html]
[www.staticking.com/blog/blogs/Bulk SMS1448.html]
[www.staticking.com/blog/blogs/Bulk SMSf62c.html]
[www.staticking.com/blog/blogs/Bulk SMSb385.html]
[www.staticking.com/blog/what-are-the-advantages-of-email-marketing-solutions/index.html]
[www.staticking.com/blog/how-to-choose-ivr-service-provider-delhi/index.html]
[www.staticking.com/blog/what-makes-smart-ivr-provider-the-best/index.html]
[www.staticking.com/blog/a-quick-glance-at-why-should-you-avail-affordable-seo-services-in-delhi/index.html]
[www.staticking.com/blog/why-does-your-business-need-toll-free-number-service-provider-in-delhi/index.html]
[www.staticking.com/blog/best-responsive-website-design-company-in-delhi/index.html]
[www.staticking.com/blog/best-website-design-company-in-delhi/index.html]
[www.staticking.com/blog/do-you-really-need-youtube-video-promotion/index.html]
[www.staticking.com/blog/why-should-you-buy-youtube-views-for-better-business-marketing/index.html]
[www.staticking.com/blog/public/front/fonts/glyphicons-halflings-regular.html]
[www.staticking.com/blog/public/front/fonts/glyphicons-halflings-regulard41dd41d.html]
[www.staticking.com/blog/public/front/fonts/glyphicons-halflings-regular-2.html]
[www.staticking.com/blog/public/front/fonts/glyphicons-halflings-regular-3.html]
[www.staticking.com/blog/public/front/fonts/glyphicons-halflings-regular-4.html]
[www.staticking.com/blog/public/front/fonts/glyphicons-halflings-regular-5.html]
[www.staticking.com/blog/public/front/image/mmmm.html]
[www.staticking.com/css/ResponsiveAccordianMenu.css]
[www.googleadservices.com/pagead/conversion.js]
[www.staticking.com/blog/bulk-sms-patna-and-transactional-sms-mumbai/best-website-development-company-delhi.html]
[www.staticking.com/blog/lower-the-cost-bigger-the-benefits/best-website-development-company-delhi.html]
[www.staticking.com/blog/all-you-need-to-know-about-transactional-sms/best-website-development-company-delhi.html]
[www.staticking.com/blog/how-bulk-sms-marketing-is-beneficial-for-every-business/best-website-development-company-delhi.html]
[www.staticking.com/blog/things-you-should-keep-in-mind-while-hiring-bulk-voice-call-service/best-website-development-company-delhi.html]
[www.staticking.com/blog/an-essential-key-to-stand-in-the-competitive-market/best-website-development-company-delhi.html]
[www.staticking.com/blog/connect-your-audience-without-mush-of-investment/best-website-development-company-delhi.html]
[www.staticking.com/blog/how-eEffectively-collaborate-with-the-bulk-sms-service-provider/best-website-development-company-delhi.html]
[www.staticking.com/blog/bulk-sms-application-your-new-ways-to-mobile-marketing/best-website-development-company-delhi.html]
[www.staticking.com/blog/how-does-promotional-email-facilitate-your-business/best-website-development-company-delhi.html]
[www.staticking.com/blog/why-choose-static-king-as-the-bulk-sms-service-provider-in-patna/index.html]
[www.staticking.com/blog/how-to-get-in-touch-of-the-bulk-sms-provider-in-bangalore/index.html]
[www.staticking.com/blog/why-get-in-touch-of-the-promotional-bulk-sms-provider-in-jaipur/index.html]
[www.staticking.com/blog/how-to-enhance-your-marketing-capabilities-with-bulk-sms-service-in-jaipur/index.html]
[www.staticking.com/blog/why-to-hire-the-bulk-sms-provider-company-in-bangalore/index.html]
[www.staticking.com/blog/how-it-supports-you-in-publicizing-your-business/best-website-development-company-delhi.html]
[www.staticking.com/blog/do-you-know-the-power-of-bulk-sms-in-punjab/best-website-development-company-delhi.html]
[www.staticking.com/blog/are-bulk-sms-marketing-through-static-king-beneficial/best-website-development-company-delhi.html]
[www.staticking.com/blog/did-you-know-bulk-email-Service-can-be-advantageous-for-your-business-enterprise/best-website-development-company-delhi.html]
[www.staticking.com/blog/transactional-sms-services-in-india/best-website-development-company-delhi.html]
[www.staticking.com/blog/what-are-ecommerce-website-development-services/best-website-development-company-delhi.html]
[www.staticking.com/blog/why-the-need-of-voice-calls-in-todays-date/best-website-development-company-delhi.html]
[www.staticking.com/blog/why-do-you-need-bulk-sms-application-developer-in-india/best-website-development-company-delhi.html]
[www.staticking.com/blog/is-bulk-sms-marketing-through-static-king-beneficial/best-website-development-company-delhi.html]
[www.staticking.com/blog/best-web-portal-to-use-for-bulk-sms-mumbai/best-website-development-company-delhi.html]
[www.staticking.com/blog/how-can-transactional-sms-service-benefit-the-users/index.html]
[www.staticking.com/blog/why-should-business-opt-for-bulk-sms-marketing-services-over-other-services/index.html]
[www.staticking.com/blog/what-type-of-services-offered-by-bulk-sms-reseller-panel/index.html]
[www.staticking.com/blog/bulk-sms-a-bonus-in-itself/index.html]
[www.staticking.com/blog/bulk-sms-in-the-trend-as-regards-of-information-flow/index.html]
[www.staticking.com/blog/Stay-connected-to-people-via-bulk-sms-provisions/index.html]
[www.staticking.com/blog/why-should-you-buy-facebook-page-likes-for-business-advertising/best-website-development-company-delhi.html]
[www.staticking.com/blog/is-bulk-sms-provider-company-in-bangalore-the-only-business-savior/best-website-development-company-delhi.html]
[www.staticking.com/blog/why-designing-your-website-from-the-dynamic-website/best-website-development-company-delhi.html]
[www.staticking.com/blog/subscribe-bulk-sms-service-in-jaipur-now/best-website-development-company-delhi.html]
[www.staticking.com/blog/why-subscribe-to-bulk-sms-service-in-bangalore-for-a-successful-business/best-website-development-company-delhi.html]
[www.staticking.com/blog/how-voice-broadcasting-services-can-help-you-to-grow-your-business/best-website-development-company-delhi.html]
[www.staticking.com/blog/what-are-the-advantages-of-email-marketing-solutions/best-website-development-company-delhi.html]
[www.staticking.com/blog/how-to-choose-ivr-service-provider-delhi/best-website-development-company-delhi.html]
[www.staticking.com/blog/what-makes-smart-ivr-provider-the-best/best-website-development-company-delhi.html]
[www.staticking.com/blog/a-quick-glance-at-why-should-you-avail-affordable-seo-services-in-delhi/best-website-development-company-delhi.html]
[www.staticking.com/blog/why-does-your-business-need-toll-free-number-service-provider-in-delhi/best-website-development-company-delhi.html]
[www.staticking.com/blog/best-responsive-website-design-company-in-delhi/best-website-development-company-delhi.html]
[www.staticking.com/blog/best-website-design-company-in-delhi/best-website-development-company-delhi.html]
[www.staticking.com/blog/do-you-really-need-youtube-video-promotion/best-website-development-company-delhi.html]
[www.staticking.com/blog/why-should-you-buy-youtube-views-for-better-business-marketing/best-website-development-company-delhi.html]
[www.staticking.com/blog/why-choose-static-king-as-the-bulk-sms-service-provider-in-patna/best-website-development-company-delhi.html]
[www.staticking.com/blog/how-to-get-in-touch-of-the-bulk-sms-provider-in-bangalore/best-website-development-company-delhi.html]
[www.staticking.com/blog/why-get-in-touch-of-the-promotional-bulk-sms-provider-in-jaipur/best-website-development-company-delhi.html]
[www.staticking.com/blog/how-to-enhance-your-marketing-capabilities-with-bulk-sms-service-in-jaipur/best-website-development-company-delhi.html]
[www.staticking.com/blog/why-to-hire-the-bulk-sms-provider-company-in-bangalore/best-website-development-company-delhi.html]
[www.staticking.com/blog/how-can-transactional-sms-service-benefit-the-users/best-website-development-company-delhi.html]
[www.staticking.com/blog/why-should-business-opt-for-bulk-sms-marketing-services-over-other-services/best-website-development-company-delhi.html]
[www.staticking.com/blog/what-type-of-services-offered-by-bulk-sms-reseller-panel/best-website-development-company-delhi.html]
[www.staticking.com/blog/bulk-sms-a-bonus-in-itself/best-website-development-company-delhi.html]
[www.staticking.com/blog/bulk-sms-in-the-trend-as-regards-of-information-flow/best-website-development-company-delhi.html]
[www.staticking.com/blog/Stay-connected-to-people-via-bulk-sms-provisions/best-website-development-company-delhi.html]
